

日志3：
---------------  P R O C E S S  ---------------

VM state:at safepoint (normal execution)

VM Mutex/Monitor currently owned by a thread:  ([mutex/lock_event])
[0x00007ff8f8006e80] Threads_lock - owner thread: 0x00007ff8f81c8000
[0x00007ff8f8007380] Heap_lock - owner thread: 0x00007ff7f8149800

heap address: 0x00000005c0000000, size: 8192 MB, Compressed Oops mode: Zero based, Oop shift amount: 3
Narrow klass base: 0x0000000000000000, Narrow klass shift: 3
Compressed class space size: 1073741824 Address: 0x00000007c0000000

Heap:
 PSYoungGen      total 2283520K, used 1800704K [0x0000000715580000, 0x00000007c0000000, 0x00000007c0000000)
  eden space 1800704K, 100% used [0x0000000715580000,0x0000000783400000,0x0000000783400000)
  from space 482816K, 0% used [0x0000000783400000,0x0000000783400000,0x00000007a0b80000)
  to   space 499200K, 0% used [0x00000007a1880000,0x00000007a1880000,0x00000007c0000000)
 ParOldGen       total 5592576K, used 5592216K [0x00000005c0000000, 0x0000000715580000, 0x0000000715580000)
  object space 5592576K, 99% used [0x00000005c0000000,0x0000000715526090,0x0000000715580000)
 Metaspace       used 129507K, capacity 137261K, committed 137472K, reserved 1171456K
  class space    used 14757K, capacity 16118K, committed 16128K, reserved 1048576K

Card table byte_map: [0x00007ff8fd0da000,0x00007ff8fe0db000] byte_map_base: 0x00007ff8fa2da000

Marking Bits: (ParMarkBitMap*) 0x00007ff9001f95a0
 Begin Bits: [0x00007ff8d8dfe000, 0x00007ff8e0dfe000)
 End Bits:   [0x00007ff8e0dfe000, 0x00007ff8e8dfe000)

Polling page: 0x00007ff900e3d000

CodeCache: size=245760Kb used=84732Kb max_used=84747Kb free=161027Kb
 bounds [0x00007ff8e9000000, 0x00007ff8ee3c0000, 0x00007ff8f8000000]
 total_blobs=25369 nmethods=24578 adapters=700
 compilation: enabled
 
日志4：
Compilation events (10 events):
Event: 34457.178 Thread 0x00007ff8f820b000 35953       4       org.apache.ibatis.type.ByteArrayTypeHandler::setNonNullParameter (13 bytes)
Event: 34457.179 Thread 0x00007ff8f8212000 35954       2       com.alibaba.druid.proxy.jdbc.JdbcParameterImpl::<init> (12 bytes)
Event: 34457.179 Thread 0x00007ff8f8212000 nmethod 35954 0x00007ff8edacba50 code [0x00007ff8edacbba0, 0x00007ff8edacbd30]
Event: 34457.182 Thread 0x00007ff8f820b000 nmethod 35953 0x00007ff8ee3a2810 code [0x00007ff8ee3a29c0, 0x00007ff8ee3a2dc8]
Event: 34469.982 Thread 0x00007ff8f8212000 35955   !   3       org.springframework.web.method.support.InvocableHandlerMethod::getMethodArgumentValues (195 bytes)
Event: 34469.985 Thread 0x00007ff8f8212000 nmethod 35955 0x00007ff8ee3a4090 code [0x00007ff8ee3a4340, 0x00007ff8ee3a5708]
Event: 34482.939 Thread 0x00007ff8f820e000 35956       4       org.springframework.core.annotation.AnnotationTypeMapping::areEquivalent (87 bytes)
Event: 34482.940 Thread 0x00007ff8f820e000 nmethod 35956 0x00007ff8ee3a0dd0 code [0x00007ff8ee3a0f40, 0x00007ff8ee3a1148]
Event: 34483.307 Thread 0x00007ff8f820b000 35957       4       org.apache.tomcat.util.net.NioEndpoint$NioSocketWrapper::read (185 bytes)
Event: 34483.315 Thread 0x00007ff8f820b000 nmethod 35957 0x00007ff8ee384550 code [0x00007ff8ee3847a0, 0x00007ff8ee3855f0]

GC Heap History (10 events):
Event: 34433.257 GC heap after
Heap after GC invocations=2498 (full 76):
 PSYoungGen      total 2283520K, used 1459144K [0x0000000715580000, 0x00000007c0000000, 0x00000007c0000000)
  eden space 1800704K, 81% used [0x0000000715580000,0x000000076e672220,0x0000000783400000)
  from space 482816K, 0% used [0x0000000783400000,0x0000000783400000,0x00000007a0b80000)
  to   space 499200K, 0% used [0x00000007a1880000,0x00000007a1880000,0x00000007c0000000)
 ParOldGen       total 5592576K, used 5592244K [0x00000005c0000000, 0x0000000715580000, 0x0000000715580000)
  object space 5592576K, 99% used [0x00000005c0000000,0x000000071552d3c8,0x0000000715580000)
 Metaspace       used 129506K, capacity 137261K, committed 137472K, reserved 1171456K
  class space    used 14757K, capacity 16118K, committed 16128K, reserved 1048576K
}
Event: 34433.855 GC heap before
{Heap before GC invocations=2499 (full 77):
 PSYoungGen      total 2283520K, used 1800704K [0x0000000715580000, 0x00000007c0000000, 0x00000007c0000000)
  eden space 1800704K, 100% used [0x0000000715580000,0x0000000783400000,0x0000000783400000)
  from space 482816K, 0% used [0x0000000783400000,0x0000000783400000,0x00000007a0b80000)
  to   space 499200K, 0% used [0x00000007a1880000,0x00000007a1880000,0x00000007c0000000)
 ParOldGen       total 5592576K, used 5592244K [0x00000005c0000000, 0x0000000715580000, 0x0000000715580000)
  object space 5592576K, 99% used [0x00000005c0000000,0x000000071552d3c8,0x0000000715580000)
 Metaspace       used 129506K, capacity 137261K, committed 137472K, reserved 1171456K
  class space    used 14757K, capacity 16118K, committed 16128K, reserved 1048576K
Event: 34445.221 GC heap after
Heap after GC invocations=2499 (full 77):
 PSYoungGen      total 2283520K, used 1486684K [0x0000000715580000, 0x00000007c0000000, 0x00000007c0000000)
  eden space 1800704K, 82% used [0x0000000715580000,0x00000007701570f0,0x0000000783400000)
  from space 482816K, 0% used [0x0000000783400000,0x0000000783400000,0x00000007a0b80000)
  to   space 499200K, 0% used [0x00000007a1880000,0x00000007a1880000,0x00000007c0000000)
 ParOldGen       total 5592576K, used 5592244K [0x00000005c0000000, 0x0000000715580000, 0x0000000715580000)
  object space 5592576K, 99% used [0x00000005c0000000,0x000000071552d3a8,0x0000000715580000)
 Metaspace       used 129506K, capacity 137261K, committed 137472K, reserved 1171456K
  class space    used 14757K, capacity 16118K, committed 16128K, reserved 1048576K
}

日志5：

Event: 34445.810 GC heap before
{Heap before GC invocations=2500 (full 78):
 PSYoungGen      total 2283520K, used 1800704K [0x0000000715580000, 0x00000007c0000000, 0x00000007c0000000)
  eden space 1800704K, 100% used [0x0000000715580000,0x0000000783400000,0x0000000783400000)
  from space 482816K, 0% used [0x0000000783400000,0x0000000783400000,0x00000007a0b80000)
  to   space 499200K, 0% used [0x00000007a1880000,0x00000007a1880000,0x00000007c0000000)
 ParOldGen       total 5592576K, used 5592244K [0x00000005c0000000, 0x0000000715580000, 0x0000000715580000)
  object space 5592576K, 99% used [0x00000005c0000000,0x000000071552d3a8,0x0000000715580000)
 Metaspace       used 129506K, capacity 137261K, committed 137472K, reserved 1171456K
  class space    used 14757K, capacity 16118K, committed 16128K, reserved 1048576K
Event: 34456.641 GC heap after
Heap after GC invocations=2500 (full 78):
 PSYoungGen      total 2283520K, used 1512746K [0x0000000715580000, 0x00000007c0000000, 0x00000007c0000000)
  eden space 1800704K, 84% used [0x0000000715580000,0x0000000771aca920,0x0000000783400000)
  from space 482816K, 0% used [0x0000000783400000,0x0000000783400000,0x00000007a0b80000)
  to   space 499200K, 0% used [0x00000007a1880000,0x00000007a1880000,0x00000007c0000000)
 ParOldGen       total 5592576K, used 5592244K [0x00000005c0000000, 0x0000000715580000, 0x0000000715580000)
  object space 5592576K, 99% used [0x00000005c0000000,0x000000071552d2f8,0x0000000715580000)
 Metaspace       used 129506K, capacity 137261K, committed 137472K, reserved 1171456K
  class space    used 14757K, capacity 16118K, committed 16128K, reserved 1048576K
}
Event: 34457.344 GC heap before
{Heap before GC invocations=2501 (full 79):
 PSYoungGen      total 2283520K, used 1800704K [0x0000000715580000, 0x00000007c0000000, 0x00000007c0000000)
  eden space 1800704K, 100% used [0x0000000715580000,0x0000000783400000,0x0000000783400000)
  from space 482816K, 0% used [0x0000000783400000,0x0000000783400000,0x00000007a0b80000)
  to   space 499200K, 0% used [0x00000007a1880000,0x00000007a1880000,0x00000007c0000000)
 ParOldGen       total 5592576K, used 5592244K [0x00000005c0000000, 0x0000000715580000, 0x0000000715580000)
  object space 5592576K, 99% used [0x00000005c0000000,0x000000071552d2f8,0x0000000715580000)
 Metaspace       used 129507K, capacity 137261K, committed 137472K, reserved 1171456K
  class space    used 14757K, capacity 16118K, committed 16128K, reserved 1048576K
Event: 34469.844 GC heap after
Heap after GC invocations=2501 (full 79):
 PSYoungGen      total 2283520K, used 1538890K [0x0000000715580000, 0x00000007c0000000, 0x00000007c0000000)
  eden space 1800704K, 85% used [0x0000000715580000,0x0000000773452b78,0x0000000783400000)
  from space 482816K, 0% used [0x0000000783400000,0x0000000783400000,0x00000007a0b80000)
  to   space 499200K, 0% used [0x00000007a1880000,0x00000007a1880000,0x00000007c0000000)
 ParOldGen       total 5592576K, used 5592216K [0x00000005c0000000, 0x0000000715580000, 0x0000000715580000)
  object space 5592576K, 99% used [0x00000005c0000000,0x00000007155263f0,0x0000000715580000)
 Metaspace       used 129507K, capacity 137261K, committed 137472K, reserved 1171456K
  class space    used 14757K, capacity 16118K, committed 16128K, reserved 1048576K
}
日志6：

Event: 34470.438 GC heap before
{Heap before GC invocations=2502 (full 80):
 PSYoungGen      total 2283520K, used 1800704K [0x0000000715580000, 0x00000007c0000000, 0x00000007c0000000)
  eden space 1800704K, 100% used [0x0000000715580000,0x0000000783400000,0x0000000783400000)
  from space 482816K, 0% used [0x0000000783400000,0x0000000783400000,0x00000007a0b80000)
  to   space 499200K, 0% used [0x00000007a1880000,0x00000007a1880000,0x00000007c0000000)
 ParOldGen       total 5592576K, used 5592216K [0x00000005c0000000, 0x0000000715580000, 0x0000000715580000)
  object space 5592576K, 99% used [0x00000005c0000000,0x00000007155263f0,0x0000000715580000)
 Metaspace       used 129507K, capacity 137261K, committed 137472K, reserved 1171456K
  class space    used 14757K, capacity 16118K, committed 16128K, reserved 1048576K
Event: 34482.895 GC heap after
Heap after GC invocations=2502 (full 80):
 PSYoungGen      total 2283520K, used 1559004K [0x0000000715580000, 0x00000007c0000000, 0x00000007c0000000)
  eden space 1800704K, 86% used [0x0000000715580000,0x00000007747f7380,0x0000000783400000)
  from space 482816K, 0% used [0x0000000783400000,0x0000000783400000,0x00000007a0b80000)
  to   space 499200K, 0% used [0x00000007a1880000,0x00000007a1880000,0x00000007c0000000)
 ParOldGen       total 5592576K, used 5592216K [0x00000005c0000000, 0x0000000715580000, 0x0000000715580000)
  object space 5592576K, 99% used [0x00000005c0000000,0x0000000715526090,0x0000000715580000)
 Metaspace       used 129507K, capacity 137261K, committed 137472K, reserved 1171456K
  class space    used 14757K, capacity 16118K, committed 16128K, reserved 1048576K
}
Event: 34483.372 GC heap before
{Heap before GC invocations=2503 (full 81):
 PSYoungGen      total 2283520K, used 1800704K [0x0000000715580000, 0x00000007c0000000, 0x00000007c0000000)
  eden space 1800704K, 100% used [0x0000000715580000,0x0000000783400000,0x0000000783400000)
  from space 482816K, 0% used [0x0000000783400000,0x0000000783400000,0x00000007a0b80000)
  to   space 499200K, 0% used [0x00000007a1880000,0x00000007a1880000,0x00000007c0000000)
 ParOldGen       total 5592576K, used 5592216K [0x00000005c0000000, 0x0000000715580000, 0x0000000715580000)
  object space 5592576K, 99% used [0x00000005c0000000,0x0000000715526090,0x0000000715580000)
 Metaspace       used 129507K, capacity 137261K, committed 137472K, reserved 1171456K
  class space    used 14757K, capacity 16118K, committed 16128K, reserved 1048576K
日志7：
Deoptimization events (10 events):
Event: 34393.737 Thread 0x00007ff7f8133800 Uncommon trap: reason=unstable_if action=reinterpret pc=0x00007ff8ececaf6c method=org.springframework.web.servlet.DispatcherServlet.processDispatchResult(Ljavax/servlet/http/HttpServletRequest;Ljavax/servlet/http/HttpServletResponse;Lorg/springframework/w
Event: 34393.744 Thread 0x00007ff7f8133800 Uncommon trap: reason=unstable_if action=reinterpret pc=0x00007ff8edaeb018 method=java.nio.Buffer.limit(I)Ljava/nio/Buffer; @ 43
Event: 34394.137 Thread 0x00007ff7f805b000 Uncommon trap: reason=unstable_if action=reinterpret pc=0x00007ff8ea8825cc method=org.springframework.web.method.support.InvocableHandlerMethod.getMethodArgumentValues(Lorg/springframework/web/context/request/NativeWebRequest;Lorg/springframework/web/meth
Event: 34406.749 Thread 0x00007ff7f805b000 Uncommon trap: reason=unstable_if action=reinterpret pc=0x00007ff8e91fd08c method=java.nio.Buffer.limit(I)Ljava/nio/Buffer; @ 43
Event: 34433.732 Thread 0x00007ff7f8106000 Uncommon trap: reason=class_check action=maybe_recompile pc=0x00007ff8eda44fbc method=org.apache.catalina.core.StandardHostValve.invoke(Lorg/apache/catalina/connector/Request;Lorg/apache/catalina/connector/Response;)V @ 201
Event: 34445.348 Thread 0x00007ff7f803f800 Uncommon trap: reason=class_check action=maybe_recompile pc=0x00007ff8eda44fbc method=org.apache.catalina.core.StandardHostValve.invoke(Lorg/apache/catalina/connector/Request;Lorg/apache/catalina/connector/Response;)V @ 201
Event: 34445.671 Thread 0x00007ff7f803e800 Uncommon trap: reason=class_check action=maybe_recompile pc=0x00007ff8eda44fbc method=org.apache.catalina.core.StandardHostValve.invoke(Lorg/apache/catalina/connector/Request;Lorg/apache/catalina/connector/Response;)V @ 201
Event: 34445.754 Thread 0x00007ff7f80a1000 Uncommon trap: reason=class_check action=maybe_recompile pc=0x00007ff8eda44fbc method=org.apache.catalina.core.StandardHostValve.invoke(Lorg/apache/catalina/connector/Request;Lorg/apache/catalina/connector/Response;)V @ 201
Event: 34456.974 Thread 0x00007ff7f803a000 Uncommon trap: reason=class_check action=maybe_recompile pc=0x00007ff8eda44fbc method=org.apache.catalina.core.StandardHostValve.invoke(Lorg/apache/catalina/connector/Request;Lorg/apache/catalina/connector/Response;)V @ 201
Event: 34457.259 Thread 0x00007ff7f80de800 Uncommon trap: reason=unstable_if action=reinterpret pc=0x00007ff8ee1ba5cc method=com.sinosoft.app.project.easyscaninteraction.clientupload.service.Impl.NewUploadIndexServiceImpl.updateIndex(Lcom/sinosoft/app/project/vo/easyscan/EsDocAndPageVO;Ljava/util/

Classes redefined (0 events):
No events

Internal exceptions (10 events):
Event: 34483.157 Thread 0x00007ff7f8071000 Exception <a 'java/io/IOException'> (0x000000077d26c180) thrown at [/scratch/jenkins/workspace/8-2-build-linux-x64/jdk8u371/3355/hotspot/src/share/vm/prims/jni.cpp, line 710]
Event: 34483.179 Thread 0x00007ff7f805b000 Exception <a 'java/io/IOException'> (0x000000077dd50a00) thrown at [/scratch/jenkins/workspace/8-2-build-linux-x64/jdk8u371/3355/hotspot/src/share/vm/prims/jni.cpp, line 710]
Event: 34483.255 Thread 0x00007ff7f8152800 Exception <a 'sun/nio/fs/UnixException'> (0x00000007807abe88) thrown at [/scratch/jenkins/workspace/8-2-build-linux-x64/jdk8u371/3355/hotspot/src/share/vm/prims/jni.cpp, line 710]
Event: 34483.255 Thread 0x00007ff7f8152800 Exception <a 'sun/nio/fs/UnixException'> (0x00000007807bea38) thrown at [/scratch/jenkins/workspace/8-2-build-linux-x64/jdk8u371/3355/hotspot/src/share/vm/prims/jni.cpp, line 710]
Event: 34483.255 Thread 0x00007ff7f8152800 Exception <a 'sun/nio/fs/UnixException'> (0x00000007807bfa80) thrown at [/scratch/jenkins/workspace/8-2-build-linux-x64/jdk8u371/3355/hotspot/src/share/vm/prims/jni.cpp, line 710]
Event: 34483.256 Thread 0x00007ff7f8152800 Exception <a 'sun/nio/fs/UnixException'> (0x00000007807ca538) thrown at [/scratch/jenkins/workspace/8-2-build-linux-x64/jdk8u371/3355/hotspot/src/share/vm/prims/jni.cpp, line 710]
Event: 34483.256 Thread 0x00007ff7f8152800 Exception <a 'sun/nio/fs/UnixException'> (0x00000007807cb630) thrown at [/scratch/jenkins/workspace/8-2-build-linux-x64/jdk8u371/3355/hotspot/src/share/vm/prims/jni.cpp, line 710]
Event: 34483.260 Thread 0x00007ff7f80ae800 Exception <a 'java/io/IOException'> (0x0000000780f4a6d0) thrown at [/scratch/jenkins/workspace/8-2-build-linux-x64/jdk8u371/3355/hotspot/src/share/vm/prims/jni.cpp, line 710]
Event: 34483.262 Thread 0x00007ff7f80eb800 Exception <a 'java/io/IOException'> (0x00000007811c0858) thrown at [/scratch/jenkins/workspace/8-2-build-linux-x64/jdk8u371/3355/hotspot/src/share/vm/prims/jni.cpp, line 710]
Event: 34483.300 Thread 0x00007ff7f807d800 Exception <a 'java/io/IOException'> (0x0000000782030f00) thrown at [/scratch/jenkins/workspace/8-2-build-linux-x64/jdk8u371/3355/hotspot/src/share/vm/prims/jni.cpp, line 710]

日志8：
Events (10 events):
Event: 34483.291 loading class org/springframework/cloud/context/environment/EnvironmentChangeEvent done
Event: 34483.296 loading class org/springframework/cloud/context/environment$EnvironmentChangeEvent
Event: 34483.296 loading class org/springframework/cloud/context/environment$EnvironmentChangeEvent done
Event: 34483.298 loading class org/springframework/cloud/context/scope/refresh/RefreshScopeRefreshedEvent
Event: 34483.298 loading class org/springframework/cloud/context/scope/refresh/RefreshScopeRefreshedEvent done
Event: 34483.299 loading class org/springframework/cloud/context/scope/refresh$RefreshScopeRefreshedEvent
Event: 34483.299 loading class org/springframework/cloud/context/scope/refresh$RefreshScopeRefreshedEvent done
Event: 34483.366 loading class org/springframework/cloud/context/environment/EnvironmentChangeEvent
Event: 34483.366 loading class org/springframework/cloud/context/environment/EnvironmentChangeEvent done
Event: 34483.367 Executing VM operation: ParallelGCFailedAllocation

日志9：
Dynamic libraries:
5c0000000-715580000 rw-p 00000000 00:00 0 
715580000-7c0000000 rw-p 00000000 00:00 0 
7c0000000-7c0fc0000 rw-p 00000000 00:00 0 
7c0fc0000-800000000 ---p 00000000 00:00 0 
55c2e6f16000-55c2e6f17000 r-xp 00000000 fd:00 469762152                  /data/soft/jdk1.8.0_371/bin/java
55c2e7116000-55c2e7117000 r--p 00000000 fd:00 469762152                  /data/soft/jdk1.8.0_371/bin/java
55c2e7117000-55c2e7118000 rw-p 00001000 fd:00 469762152                  /data/soft/jdk1.8.0_371/bin/java
55c2e8b9d000-55c2e92a7000 rw-p 00000000 00:00 0                          [heap]
7ff7b86b9000-7ff7b86bc000 ---p 00000000 00:00 0 
7ff7b86bc000-7ff7b87ba000 rw-p 00000000 00:00 0 
7ff7b87ba000-7ff7b87bd000 ---p 00000000 00:00 0 
7ff7b87bd000-7ff7b88bb000 rw-p 00000000 00:00 0 
7ff7b88bb000-7ff7b88be000 ---p 00000000 00:00 0 
7ff7b88be000-7ff7b89bc000 rw-p 00000000 00:00 0 
7ff7b89bc000-7ff7b89bf000 ---p 00000000 00:00 0 
7ff7b89bf000-7ff7b8abd000 rw-p 00000000 00:00 0 
7ff7b8abd000-7ff7b8ac0000 ---p 00000000 00:00 0 
7ff7b8ac0000-7ff7b8bbe000 rw-p 00000000 00:00 0 
7ff7b8bbe000-7ff7b8bc1000 ---p 00000000 00:00 0 
7ff7b8bc1000-7ff7b8cbf000 rw-p 00000000 00:00 0 
7ff7b8cbf000-7ff7b8cc2000 ---p 00000000 00:00 0 
7ff7b8cc2000-7ff7b8dc0000 rw-p 00000000 00:00 0 
7ff7b8dc0000-7ff7b8dc3000 ---p 00000000 00:00 0 
7ff7b8dc3000-7ff7b8ec1000 rw-p 00000000 00:00 0 
7ff7b8ec1000-7ff7b8ec4000 ---p 00000000 00:00 0 
7ff7b8ec4000-7ff7b8fc2000 rw-p 00000000 00:00 0 
7ff7b8fc2000-7ff7b8fc5000 ---p 00000000 00:00 0 
7ff7b8fc5000-7ff7b90c3000 rw-p 00000000 00:00 0 
7ff7b90c3000-7ff7b90c6000 ---p 00000000 00:00 0 
7ff7b90c6000-7ff7b91c4000 rw-p 00000000 00:00 0 
7ff7b91c4000-7ff7b91c7000 ---p 00000000 00:00 0 
7ff7b91c7000-7ff7b92c5000 rw-p 00000000 00:00 0 
7ff7b92c5000-7ff7b92c8000 ---p 00000000 00:00 0 
7ff7b92c8000-7ff7b93c6000 rw-p 00000000 00:00 0 
7ff7b93c6000-7ff7b93c9000 ---p 00000000 00:00 0 
7ff7b93c9000-7ff7b94c7000 rw-p 00000000 00:00 0 
7ff7b94c7000-7ff7b94ca000 ---p 00000000 00:00 0 
7ff7b94ca000-7ff7b95c8000 rw-p 00000000 00:00 0 
7ff7b95c8000-7ff7b95cb000 ---p 00000000 00:00 0 
7ff7b95cb000-7ff7b96c9000 rw-p 00000000 00:00 0 
7ff7b96c9000-7ff7b96cc000 ---p 00000000 00:00 0 
7ff7b96cc000-7ff7b97ca000 rw-p 00000000 00:00 0 
7ff7b97ca000-7ff7b97cd000 ---p 00000000 00:00 0 
7ff7b97cd000-7ff7b98cb000 rw-p 00000000 00:00 0 
7ff7b98cb000-7ff7b98ce000 ---p 00000000 00:00 0 
7ff7b98ce000-7ff7b99cc000 rw-p 00000000 00:00 0 
7ff7b99cc000-7ff7b99cf000 ---p 00000000 00:00 0 
7ff7b99cf000-7ff7b9acd000 rw-p 00000000 00:00 0 
7ff7b9acd000-7ff7b9ad0000 ---p 00000000 00:00 0 
7ff7b9ad0000-7ff7b9bce000 rw-p 00000000 00:00 0 
7ff7b9bce000-7ff7b9bd1000 ---p 00000000 00:00 0 
7ff7b9bd1000-7ff7b9ccf000 rw-p 00000000 00:00 0 
7ff7b9ccf000-7ff7b9cd2000 ---p 00000000 00:00 0 
7ff7b9cd2000-7ff7b9dd0000 rw-p 00000000 00:00 0 
7ff7b9dd0000-7ff7b9dd3000 ---p 00000000 00:00 0 
7ff7b9dd3000-7ff7b9ed1000 rw-p 00000000 00:00 0 
7ff7b9ed1000-7ff7b9ed4000 ---p 00000000 00:00 0 
7ff7b9ed4000-7ff7b9fd2000 rw-p 00000000 00:00 0 
7ff7b9fd2000-7ff7b9fd5000 ---p 00000000 00:00 0 
7ff7b9fd5000-7ff7ba0d3000 rw-p 00000000 00:00 0 
7ff7ba0d3000-7ff7ba0d6000 ---p 00000000 00:00 0 
7ff7ba0d6000-7ff7ba1d4000 rw-p 00000000 00:00 0 
7ff7ba1d4000-7ff7ba1d7000 ---p 00000000 00:00 0 
7ff7ba1d7000-7ff7ba2d5000 rw-p 00000000 00:00 0 
7ff7ba2d5000-7ff7ba2d8000 ---p 00000000 00:00 0 
7ff7ba2d8000-7ff7ba3d6000 rw-p 00000000 00:00 0 
7ff7ba3d6000-7ff7ba3d9000 ---p 00000000 00:00 0 
7ff7ba3d9000-7ff7ba4d7000 rw-p 00000000 00:00 0 
7ff7ba4d7000-7ff7ba4da000 ---p 00000000 00:00 0 
7ff7ba4da000-7ff7ba5d8000 rw-p 00000000 00:00 0 
7ff7ba5d8000-7ff7ba5db000 ---p 00000000 00:00 0 
7ff7ba5db000-7ff7ba6d9000 rw-p 00000000 00:00 0 
7ff7ba6d9000-7ff7ba6dc000 ---p 00000000 00:00 0 
7ff7ba6dc000-7ff7ba7da000 rw-p 00000000 00:00 0 
7ff7ba7da000-7ff7ba7dd000 ---p 00000000 00:00 0 
7ff7ba7dd000-7ff7ba8db000 rw-p 00000000 00:00 0 
7ff7ba8db000-7ff7ba8de000 ---p 00000000 00:00 0 
7ff7ba8de000-7ff7ba9dc000 rw-p 00000000 00:00 0 
7ff7ba9dc000-7ff7ba9df000 ---p 00000000 00:00 0 
7ff7ba9df000-7ff7baadd000 rw-p 00000000 00:00 0 
7ff7baadd000-7ff7baae0000 ---p 00000000 00:00 0 
7ff7baae0000-7ff7babde000 rw-p 00000000 00:00 0 
7ff7babde000-7ff7babe1000 ---p 00000000 00:00 0 
7ff7babe1000-7ff7bacdf000 rw-p 00000000 00:00 0 
7ff7bacdf000-7ff7bace2000 ---p 00000000 00:00 0 
7ff7bace2000-7ff7bade0000 rw-p 00000000 00:00 0 
7ff7bade0000-7ff7bade3000 ---p 00000000 00:00 0 
7ff7bade3000-7ff7baee1000 rw-p 00000000 00:00 0 
7ff7baee1000-7ff7baee4000 ---p 00000000 00:00 0 
7ff7baee4000-7ff7bafe2000 rw-p 00000000 00:00 0 
7ff7bafe2000-7ff7bafe5000 ---p 00000000 00:00 0 
7ff7bafe5000-7ff7bb0e3000 rw-p 00000000 00:00 0 
7ff7bb0e3000-7ff7bb0e6000 ---p 00000000 00:00 0 
7ff7bb0e6000-7ff7bb1e4000 rw-p 00000000 00:00 0 
7ff7bb1e4000-7ff7bb1e7000 ---p 00000000 00:00 0 
7ff7bb1e7000-7ff7bb2e5000 rw-p 00000000 00:00 0 
7ff7bb2e5000-7ff7bb2e8000 ---p 00000000 00:00 0 
7ff7bb2e8000-7ff7bb3e6000 rw-p 00000000 00:00 0 
7ff7bb3e6000-7ff7bb3e9000 ---p 00000000 00:00 0 
7ff7bb3e9000-7ff7bb4e7000 rw-p 00000000 00:00 0 
7ff7bb4e7000-7ff7bb4ea000 ---p 00000000 00:00 0 
7ff7bb4ea000-7ff7bb5e8000 rw-p 00000000 00:00 0 
7ff7bb5e8000-7ff7bb5eb000 ---p 00000000 00:00 0 
7ff7bb5eb000-7ff7bb6e9000 rw-p 00000000 00:00 0 
7ff7bb6e9000-7ff7bb6ec000 ---p 00000000 00:00 0 
7ff7bb6ec000-7ff7bb7ea000 rw-p 00000000 00:00 0 
7ff7bb7ea000-7ff7bb7ed000 ---p 00000000 00:00 0 
7ff7bb7ed000-7ff7bb8eb000 rw-p 00000000 00:00 0 
7ff7bb8eb000-7ff7bb8ee000 ---p 00000000 00:00 0 
7ff7bb8ee000-7ff7bb9ec000 rw-p 00000000 00:00 0 
7ff7bb9ec000-7ff7bb9ef000 ---p 00000000 00:00 0 
7ff7bb9ef000-7ff7bbaed000 rw-p 00000000 00:00 0 
7ff7bbaed000-7ff7bbaf0000 ---p 00000000 00:00 0 
7ff7bbaf0000-7ff7bbbee000 rw-p 00000000 00:00 0 
7ff7bbbee000-7ff7bbbf1000 ---p 00000000 00:00 0 
7ff7bbbf1000-7ff7bbcef000 rw-p 00000000 00:00 0 
7ff7bbcef000-7ff7bbcf2000 ---p 00000000 00:00 0 
7ff7bbcf2000-7ff7bbdf0000 rw-p 00000000 00:00 0 
7ff7bbdf0000-7ff7bbdf3000 ---p 00000000 00:00 0 
7ff7bbdf3000-7ff7bbef1000 rw-p 00000000 00:00 0 
7ff7bbef1000-7ff7bbef4000 ---p 00000000 00:00 0 
7ff7bbef4000-7ff7bbff2000 rw-p 00000000 00:00 0 
7ff7bbff2000-7ff7bbff5000 ---p 00000000 00:00 0 
7ff7bbff5000-7ff7bc0f3000 rw-p 00000000 00:00 0 
7ff7bc0f3000-7ff7bc0f6000 ---p 00000000 00:00 0 
7ff7bc0f6000-7ff7bc1f4000 rw-p 00000000 00:00 0 
7ff7bc1f4000-7ff7bc1f7000 ---p 00000000 00:00 0 
7ff7bc1f7000-7ff7bc2f5000 rw-p 00000000 00:00 0 
7ff7bc2f5000-7ff7bc2f8000 ---p 00000000 00:00 0 
7ff7bc2f8000-7ff7bc3f6000 rw-p 00000000 00:00 0 
7ff7bc3f6000-7ff7bc3f9000 ---p 00000000 00:00 0 
7ff7bc3f9000-7ff7bc4f7000 rw-p 00000000 00:00 0 
7ff7bc4f7000-7ff7bc4fa000 ---p 00000000 00:00 0 
7ff7bc4fa000-7ff7bc5f8000 rw-p 00000000 00:00 0 
7ff7bc5f8000-7ff7bc5fb000 ---p 00000000 00:00 0 
7ff7bc5fb000-7ff7bc6f9000 rw-p 00000000 00:00 0 
7ff7bc6f9000-7ff7bc6fc000 ---p 00000000 00:00 0 
7ff7bc6fc000-7ff7bc7fa000 rw-p 00000000 00:00 0 
7ff7bc7fa000-7ff7bc7fd000 ---p 00000000 00:00 0 
7ff7bc7fd000-7ff7bc8fb000 rw-p 00000000 00:00 0 
7ff7bc8fb000-7ff7bc8fe000 ---p 00000000 00:00 0 
7ff7bc8fe000-7ff7bc9fc000 rw-p 00000000 00:00 0 
7ff7bc9fc000-7ff7bc9ff000 ---p 00000000 00:00 0 
7ff7bc9ff000-7ff7bcafd000 rw-p 00000000 00:00 0 
7ff7bcafd000-7ff7bcb00000 ---p 00000000 00:00 0 
7ff7bcb00000-7ff7bcbfe000 rw-p 00000000 00:00 0 
7ff7bcbfe000-7ff7bcc01000 ---p 00000000 00:00 0 
7ff7bcc01000-7ff7bccff000 rw-p 00000000 00:00 0 
7ff7bccff000-7ff7bcd02000 ---p 00000000 00:00 0 
7ff7bcd02000-7ff7bce00000 rw-p 00000000 00:00 0 
7ff7bce00000-7ff7bce03000 ---p 00000000 00:00 0 
7ff7bce03000-7ff7bcf01000 rw-p 00000000 00:00 0 
7ff7bcf01000-7ff7bcf04000 ---p 00000000 00:00 0 
7ff7bcf04000-7ff7bd002000 rw-p 00000000 00:00 0 
7ff7bd002000-7ff7bd005000 ---p 00000000 00:00 0 
7ff7bd005000-7ff7bd103000 rw-p 00000000 00:00 0 
7ff7bd103000-7ff7bd106000 ---p 00000000 00:00 0 
7ff7bd106000-7ff7bd204000 rw-p 00000000 00:00 0 
7ff7bd204000-7ff7bd207000 ---p 00000000 00:00 0 
7ff7bd207000-7ff7bd305000 rw-p 00000000 00:00 0 
7ff7bd305000-7ff7bd308000 ---p 00000000 00:00 0 
7ff7bd308000-7ff7bd406000 rw-p 00000000 00:00 0 
7ff7bd406000-7ff7bd409000 ---p 00000000 00:00 0 
7ff7bd409000-7ff7bd507000 rw-p 00000000 00:00 0 
7ff7bd507000-7ff7bd50a000 ---p 00000000 00:00 0 
7ff7bd50a000-7ff7bd608000 rw-p 00000000 00:00 0 
7ff7bd608000-7ff7bd60b000 ---p 00000000 00:00 0 
7ff7bd60b000-7ff7bd709000 rw-p 00000000 00:00 0 
7ff7bd709000-7ff7bd70c000 ---p 00000000 00:00 0 
7ff7bd70c000-7ff7bd80a000 rw-p 00000000 00:00 0 
7ff7bd80a000-7ff7bd80d000 ---p 00000000 00:00 0 
7ff7bd80d000-7ff7bd90b000 rw-p 00000000 00:00 0 
7ff7bd90b000-7ff7bd90e000 ---p 00000000 00:00 0 
7ff7bd90e000-7ff7bda0c000 rw-p 00000000 00:00 0 
7ff7bda0c000-7ff7bda0f000 ---p 00000000 00:00 0 
7ff7bda0f000-7ff7bdb0d000 rw-p 00000000 00:00 0 
7ff7bdb0d000-7ff7bdb10000 ---p 00000000 00:00 0 
7ff7bdb10000-7ff7bdc0e000 rw-p 00000000 00:00 0 
7ff7bdc0e000-7ff7bdc11000 ---p 00000000 00:00 0 
7ff7bdc11000-7ff7bdd0f000 rw-p 00000000 00:00 0 
7ff7bdd0f000-7ff7bdd12000 ---p 00000000 00:00 0 
7ff7bdd12000-7ff7bde10000 rw-p 00000000 00:00 0 
7ff7bde10000-7ff7bde13000 ---p 00000000 00:00 0 
7ff7bde13000-7ff7bdf11000 rw-p 00000000 00:00 0 
7ff7bdf11000-7ff7bdf14000 ---p 00000000 00:00 0 
7ff7bdf14000-7ff7be012000 rw-p 00000000 00:00 0 
7ff7be012000-7ff7be015000 ---p 00000000 00:00 0 
7ff7be015000-7ff7be113000 rw-p 00000000 00:00 0 
7ff7be113000-7ff7be116000 ---p 00000000 00:00 0 
7ff7be116000-7ff7be214000 rw-p 00000000 00:00 0 
7ff7be214000-7ff7be217000 ---p 00000000 00:00 0 
7ff7be217000-7ff7be315000 rw-p 00000000 00:00 0 
7ff7be315000-7ff7be318000 ---p 00000000 00:00 0 
7ff7be318000-7ff7be416000 rw-p 00000000 00:00 0 
7ff7be416000-7ff7be419000 ---p 00000000 00:00 0 
7ff7be419000-7ff7be517000 rw-p 00000000 00:00 0 
7ff7be517000-7ff7be51a000 ---p 00000000 00:00 0 
7ff7be51a000-7ff7be618000 rw-p 00000000 00:00 0 
7ff7be618000-7ff7be61b000 ---p 00000000 00:00 0 
7ff7be61b000-7ff7be719000 rw-p 00000000 00:00 0 
7ff7be719000-7ff7be71c000 ---p 00000000 00:00 0 
7ff7be71c000-7ff7be81a000 rw-p 00000000 00:00 0 
7ff7be81a000-7ff7be81d000 ---p 00000000 00:00 0 
7ff7be81d000-7ff7be91b000 rw-p 00000000 00:00 0 
7ff7be91b000-7ff7be91e000 ---p 00000000 00:00 0 
7ff7be91e000-7ff7bea1c000 rw-p 00000000 00:00 0 
7ff7bea1c000-7ff7bea1f000 ---p 00000000 00:00 0 
7ff7bea1f000-7ff7beb1d000 rw-p 00000000 00:00 0 
7ff7beb1d000-7ff7beb20000 ---p 00000000 00:00 0 
7ff7beb20000-7ff7bec1e000 rw-p 00000000 00:00 0 
7ff7bec1e000-7ff7bec21000 ---p 00000000 00:00 0 
7ff7bec21000-7ff7bed1f000 rw-p 00000000 00:00 0 
7ff7bed1f000-7ff7bed22000 ---p 00000000 00:00 0 
7ff7bed22000-7ff7bee20000 rw-p 00000000 00:00 0 
7ff7bee20000-7ff7bee23000 ---p 00000000 00:00 0 
7ff7bee23000-7ff7bef21000 rw-p 00000000 00:00 0 
7ff7bef21000-7ff7bef24000 ---p 00000000 00:00 0 
7ff7bef24000-7ff7bf022000 rw-p 00000000 00:00 0 
7ff7bf022000-7ff7bf025000 ---p 00000000 00:00 0 
7ff7bf025000-7ff7bf123000 rw-p 00000000 00:00 0 
7ff7bf123000-7ff7bf126000 ---p 00000000 00:00 0 
7ff7bf126000-7ff7bf224000 rw-p 00000000 00:00 0 
7ff7bf224000-7ff7bf227000 ---p 00000000 00:00 0 
7ff7bf227000-7ff7bf325000 rw-p 00000000 00:00 0 
7ff7bf325000-7ff7bf328000 ---p 00000000 00:00 0 
7ff7bf328000-7ff7bf426000 rw-p 00000000 00:00 0 
7ff7bf426000-7ff7bf429000 ---p 00000000 00:00 0 
7ff7bf429000-7ff7bf527000 rw-p 00000000 00:00 0 
7ff7bf527000-7ff7bf52a000 ---p 00000000 00:00 0 
7ff7bf52a000-7ff7bf628000 rw-p 00000000 00:00 0 
7ff7bf628000-7ff7bf62b000 ---p 00000000 00:00 0 
7ff7bf62b000-7ff7bf729000 rw-p 00000000 00:00 0 
7ff7bf729000-7ff7bf72c000 ---p 00000000 00:00 0 
7ff7bf72c000-7ff7bf82a000 rw-p 00000000 00:00 0 
7ff7bf82a000-7ff7bf82d000 ---p 00000000 00:00 0 
7ff7bf82d000-7ff7bf92b000 rw-p 00000000 00:00 0 
7ff7bf92b000-7ff7bf92e000 ---p 00000000 00:00 0 
7ff7bf92e000-7ff7bfa2c000 rw-p 00000000 00:00 0 
7ff7bfa2c000-7ff7bfa2f000 ---p 00000000 00:00 0 
7ff7bfa2f000-7ff7bfb2d000 rw-p 00000000 00:00 0 
7ff7bfb2d000-7ff7bfb30000 ---p 00000000 00:00 0 
7ff7bfb30000-7ff7bfc2e000 rw-p 00000000 00:00 0 
7ff7bfc2e000-7ff7bfc31000 ---p 00000000 00:00 0 
7ff7bfc31000-7ff7bfd2f000 rw-p 00000000 00:00 0 
7ff7bfd2f000-7ff7bfd32000 ---p 00000000 00:00 0 
7ff7bfd32000-7ff7bfe30000 rw-p 00000000 00:00 0 
7ff7bfe30000-7ff7bfe33000 ---p 00000000 00:00 0 
7ff7bfe33000-7ff7bff31000 rw-p 00000000 00:00 0 
7ff7bff31000-7ff7bff34000 ---p 00000000 00:00 0 
7ff7bff34000-7ff7c0032000 rw-p 00000000 00:00 0 
7ff7c0032000-7ff7c0035000 ---p 00000000 00:00 0 
7ff7c0035000-7ff7c0133000 rw-p 00000000 00:00 0 
7ff7c0133000-7ff7c0136000 ---p 00000000 00:00 0 
7ff7c0136000-7ff7c0234000 rw-p 00000000 00:00 0 
7ff7c0234000-7ff7c0237000 ---p 00000000 00:00 0 
7ff7c0237000-7ff7c0335000 rw-p 00000000 00:00 0 
7ff7c0335000-7ff7c0338000 ---p 00000000 00:00 0 
7ff7c0338000-7ff7c0436000 rw-p 00000000 00:00 0 
7ff7c0436000-7ff7c0439000 ---p 00000000 00:00 0 
7ff7c0439000-7ff7c0537000 rw-p 00000000 00:00 0 
7ff7c0537000-7ff7c053a000 ---p 00000000 00:00 0 
7ff7c053a000-7ff7c0638000 rw-p 00000000 00:00 0 
7ff7c0638000-7ff7c063b000 ---p 00000000 00:00 0 
7ff7c063b000-7ff7c0739000 rw-p 00000000 00:00 0 
7ff7c0739000-7ff7c073c000 ---p 00000000 00:00 0 
7ff7c073c000-7ff7c083a000 rw-p 00000000 00:00 0 
7ff7c083a000-7ff7c083d000 ---p 00000000 00:00 0 
7ff7c083d000-7ff7c093b000 rw-p 00000000 00:00 0 
7ff7c093b000-7ff7c093e000 ---p 00000000 00:00 0 
7ff7c093e000-7ff7c0a3c000 rw-p 00000000 00:00 0 
7ff7c0a3c000-7ff7c0a3f000 ---p 00000000 00:00 0 
7ff7c0a3f000-7ff7c0b3d000 rw-p 00000000 00:00 0 
7ff7c0b3d000-7ff7c0b40000 ---p 00000000 00:00 0 
7ff7c0b40000-7ff7c0c3e000 rw-p 00000000 00:00 0 
7ff7c0c3e000-7ff7c0c41000 ---p 00000000 00:00 0 
7ff7c0c41000-7ff7c0d3f000 rw-p 00000000 00:00 0 
7ff7c0d3f000-7ff7c0d42000 ---p 00000000 00:00 0 
7ff7c0d42000-7ff7c0e40000 rw-p 00000000 00:00 0 
7ff7c0e40000-7ff7c0e43000 ---p 00000000 00:00 0 
7ff7c0e43000-7ff7c0f41000 rw-p 00000000 00:00 0 
7ff7c0f41000-7ff7c0f44000 ---p 00000000 00:00 0 
7ff7c0f44000-7ff7c1042000 rw-p 00000000 00:00 0 
7ff7c1042000-7ff7c1045000 ---p 00000000 00:00 0 
7ff7c1045000-7ff7c1143000 rw-p 00000000 00:00 0 
7ff7c1143000-7ff7c1146000 ---p 00000000 00:00 0 
7ff7c1146000-7ff7c1244000 rw-p 00000000 00:00 0 
7ff7c1244000-7ff7c1247000 ---p 00000000 00:00 0 
7ff7c1247000-7ff7c1345000 rw-p 00000000 00:00 0 
7ff7c1345000-7ff7c1348000 ---p 00000000 00:00 0 
7ff7c1348000-7ff7c1446000 rw-p 00000000 00:00 0 
7ff7c1446000-7ff7c1449000 ---p 00000000 00:00 0 
7ff7c1449000-7ff7c1547000 rw-p 00000000 00:00 0 
7ff7c1547000-7ff7c154a000 ---p 00000000 00:00 0 
7ff7c154a000-7ff7c1648000 rw-p 00000000 00:00 0 
7ff7c1648000-7ff7c164b000 ---p 00000000 00:00 0 
7ff7c164b000-7ff7c1749000 rw-p 00000000 00:00 0 
7ff7c1749000-7ff7c174c000 ---p 00000000 00:00 0 
7ff7c174c000-7ff7c2230000 rw-p 00000000 00:00 0 
7ff7c2230000-7ff7c2233000 ---p 00000000 00:00 0 
7ff7c2233000-7ff7c2331000 rw-p 00000000 00:00 0 
7ff7c2415000-7ff7c2418000 ---p 00000000 00:00 0 
7ff7c2418000-7ff7c2516000 rw-p 00000000 00:00 0 
7ff7c2516000-7ff7c2519000 ---p 00000000 00:00 0 
7ff7c2519000-7ff7c2697000 rw-p 00000000 00:00 0 
7ff7c2697000-7ff7c2817000 ---p 00000000 00:00 0 
7ff7c2817000-7ff7c2c08000 rw-p 00000000 00:00 0 
7ff7c2c08000-7ff7c2c0b000 ---p 00000000 00:00 0 
7ff7c2c0b000-7ff7c5911000 rw-p 00000000 00:00 0 
7ff7c5911000-7ff7c5914000 ---p 00000000 00:00 0 
7ff7c5914000-7ff7c5a12000 rw-p 00000000 00:00 0 
7ff7c5a12000-7ff7c5a15000 ---p 00000000 00:00 0 
7ff7c5a15000-7ff7c5b13000 rw-p 00000000 00:00 0 
7ff7c5b13000-7ff7c5b16000 ---p 00000000 00:00 0 
7ff7c5b16000-7ff7c5c14000 rw-p 00000000 00:00 0 
7ff7c5c14000-7ff7c5c17000 ---p 00000000 00:00 0 
7ff7c5c17000-7ff7c5d15000 rw-p 00000000 00:00 0 
7ff7c5d15000-7ff7c5d18000 ---p 00000000 00:00 0 
7ff7c5d18000-7ff7c5e16000 rw-p 00000000 00:00 0 
7ff7c5e16000-7ff7c5e19000 ---p 00000000 00:00 0 
7ff7c5e19000-7ff7c6117000 rw-p 00000000 00:00 0 
7ff7c6117000-7ff7c611a000 ---p 00000000 00:00 0 
7ff7c611a000-7ff7c6218000 rw-p 00000000 00:00 0 
7ff7c6218000-7ff7c621b000 ---p 00000000 00:00 0 
7ff7c621b000-7ff7c6319000 rw-p 00000000 00:00 0 
7ff7c6319000-7ff7c631c000 ---p 00000000 00:00 0 
7ff7c631c000-7ff7c661a000 rw-p 00000000 00:00 0 
7ff7c666c000-7ff7c666f000 ---p 00000000 00:00 0 
7ff7c666f000-7ff7c676d000 rw-p 00000000 00:00 0 
7ff7c676d000-7ff7c6770000 ---p 00000000 00:00 0 
7ff7c6770000-7ff7c686e000 rw-p 00000000 00:00 0 
7ff7c686e000-7ff7c6871000 ---p 00000000 00:00 0 
7ff7c6871000-7ff7c6cc4000 rw-p 00000000 00:00 0 
7ff7c6d16000-7ff7c6d19000 ---p 00000000 00:00 0 
7ff7c6d19000-7ff7c6e17000 rw-p 00000000 00:00 0 
7ff7c6e17000-7ff7c6e1a000 ---p 00000000 00:00 0 
7ff7c6e1a000-7ff7c6f18000 rw-p 00000000 00:00 0 
7ff7c6f18000-7ff7c6f1b000 ---p 00000000 00:00 0 
7ff7c6f1b000-7ff7c756e000 rw-p 00000000 00:00 0 
7ff7c756e000-7ff7c75f6000 r-xp 00000000 fd:00 872415332                  /data/soft/jdk1.8.0_371/jre/lib/amd64/liblcms.so
7ff7c75f6000-7ff7c77f5000 ---p 00088000 fd:00 872415332                  /data/soft/jdk1.8.0_371/jre/lib/amd64/liblcms.so
7ff7c77f5000-7ff7c77f7000 r--p 00087000 fd:00 872415332                  /data/soft/jdk1.8.0_371/jre/lib/amd64/liblcms.so
7ff7c77f7000-7ff7c77fa000 rw-p 00089000 fd:00 872415332                  /data/soft/jdk1.8.0_371/jre/lib/amd64/liblcms.so
7ff7c77fa000-7ff7c79fc000 rw-p 00000000 00:00 0 
7ff7c79fc000-7ff7c7bfc000 rw-p 00000000 00:00 0 
7ff7c7bfc000-7ff7c7bff000 ---p 00000000 00:00 0 
7ff7c7bff000-7ff7c7cfd000 rw-p 00000000 00:00 0 
7ff7c7cfd000-7ff7c7d00000 ---p 00000000 00:00 0 
7ff7c7d00000-7ff7c7dfe000 rw-p 00000000 00:00 0 
7ff7c7dfe000-7ff7c7e01000 ---p 00000000 00:00 0 
7ff7c7e01000-7ff7c7eff000 rw-p 00000000 00:00 0 
7ff7c7eff000-7ff7c7f02000 ---p 00000000 00:00 0 
7ff7c7f02000-7ff7c8000000 rw-p 00000000 00:00 0 
7ff7c8000000-7ff7ca30a000 rw-p 00000000 00:00 0 
7ff7ca30a000-7ff7cc000000 ---p 00000000 00:00 0 
7ff7cc06d000-7ff7cc070000 ---p 00000000 00:00 0 
7ff7cc070000-7ff7cc16e000 rw-p 00000000 00:00 0 
7ff7cc16e000-7ff7cc171000 ---p 00000000 00:00 0 
7ff7cc171000-7ff7cc46f000 rw-p 00000000 00:00 0 
7ff7cc46f000-7ff7cc472000 ---p 00000000 00:00 0 
7ff7cc472000-7ff7cc570000 rw-p 00000000 00:00 0 
7ff7cc570000-7ff7cc573000 ---p 00000000 00:00 0 
7ff7cc573000-7ff7cc671000 rw-p 00000000 00:00 0 
7ff7cc671000-7ff7cc6a0000 r-xp 00000000 fd:00 202482959                  /usr/lib/libsigar-amd64-linux.so
7ff7cc6a0000-7ff7cc79f000 ---p 0002f000 fd:00 202482959                  /usr/lib/libsigar-amd64-linux.so
7ff7cc79f000-7ff7cc7a5000 rw-p 0002e000 fd:00 202482959                  /usr/lib/libsigar-amd64-linux.so
7ff7cc7a5000-7ff7cc7a8000 rw-p 00000000 00:00 0 
7ff7cc7a8000-7ff7cc7ab000 ---p 00000000 00:00 0 
7ff7cc7ab000-7ff7cc8a9000 rw-p 00000000 00:00 0 
7ff7cc8a9000-7ff7cc8ac000 ---p 00000000 00:00 0 
7ff7cc8ac000-7ff7cc9aa000 rw-p 00000000 00:00 0 
7ff7cc9aa000-7ff7cc9ad000 ---p 00000000 00:00 0 
7ff7cc9ad000-7ff7cccab000 rw-p 00000000 00:00 0 
7ff7cccab000-7ff7cceab000 rw-p 00000000 00:00 0 
7ff7cceab000-7ff7cd0ab000 rw-p 00000000 00:00 0 
7ff7cd0ab000-7ff7cd0ae000 ---p 00000000 00:00 0 
7ff7cd0ae000-7ff7cd3ac000 rw-p 00000000 00:00 0 
7ff7cd3ac000-7ff7cd3af000 ---p 00000000 00:00 0 
7ff7cd3af000-7ff7cd4ad000 rw-p 00000000 00:00 0 
7ff7cd4ad000-7ff7cd4b0000 ---p 00000000 00:00 0 
7ff7cd4b0000-7ff7cd5ae000 rw-p 00000000 00:00 0 
7ff7cd5ae000-7ff7cd5b1000 ---p 00000000 00:00 0 
7ff7cd5b1000-7ff7cd6af000 rw-p 00000000 00:00 0 
7ff7cd6af000-7ff7cd6b2000 ---p 00000000 00:00 0 
7ff7cd6b2000-7ff7cd7b0000 rw-p 00000000 00:00 0 
7ff7cd7b0000-7ff7cd7b3000 ---p 00000000 00:00 0 
7ff7cd7b3000-7ff7cd8b1000 rw-p 00000000 00:00 0 
7ff7cd8b1000-7ff7cd8b4000 ---p 00000000 00:00 0 
7ff7cd8b4000-7ff7cd9b2000 rw-p 00000000 00:00 0 
7ff7cd9b2000-7ff7cd9b5000 ---p 00000000 00:00 0 
7ff7cd9b5000-7ff7cdab3000 rw-p 00000000 00:00 0 
7ff7cdab3000-7ff7cdab6000 ---p 00000000 00:00 0 
7ff7cdab6000-7ff7cdbb4000 rw-p 00000000 00:00 0 
7ff7cdbb4000-7ff7cdbb7000 ---p 00000000 00:00 0 
7ff7cdbb7000-7ff7cdcb5000 rw-p 00000000 00:00 0 
7ff7cdcb5000-7ff7cdcb8000 ---p 00000000 00:00 0 
7ff7cdcb8000-7ff7cdfb6000 rw-p 00000000 00:00 0 
7ff7cdfb6000-7ff7ce1b6000 rw-p 00000000 00:00 0 
7ff7ce1b6000-7ff7ce1f7000 r-xp 00000000 fd:00 872415324                  /data/soft/jdk1.8.0_371/jre/lib/amd64/libjpeg.so
7ff7ce1f7000-7ff7ce3f7000 ---p 00041000 fd:00 872415324                  /data/soft/jdk1.8.0_371/jre/lib/amd64/libjpeg.so
7ff7ce3f7000-7ff7ce3f8000 r--p 00041000 fd:00 872415324                  /data/soft/jdk1.8.0_371/jre/lib/amd64/libjpeg.so
7ff7ce3f8000-7ff7ce3f9000 rw-p 00042000 fd:00 872415324                  /data/soft/jdk1.8.0_371/jre/lib/amd64/libjpeg.so
7ff7ce3f9000-7ff7ce3fc000 ---p 00000000 00:00 0 
7ff7ce3fc000-7ff7ce4fa000 rw-p 00000000 00:00 0 
7ff7ce4fa000-7ff7ce501000 r-xp 00000000 fd:00 872415331                  /data/soft/jdk1.8.0_371/jre/lib/amd64/libawt_headless.so
7ff7ce501000-7ff7ce700000 ---p 00007000 fd:00 872415331                  /data/soft/jdk1.8.0_371/jre/lib/amd64/libawt_headless.so
7ff7ce700000-7ff7ce701000 r--p 00006000 fd:00 872415331                  /data/soft/jdk1.8.0_371/jre/lib/amd64/libawt_headless.so
7ff7ce701000-7ff7ce702000 rw-p 00007000 fd:00 872415331                  /data/soft/jdk1.8.0_371/jre/lib/amd64/libawt_headless.so
7ff7ce702000-7ff7ce7a2000 r-xp 00000000 fd:00 872415323                  /data/soft/jdk1.8.0_371/jre/lib/amd64/libawt.so
7ff7ce7a2000-7ff7ce9a1000 ---p 000a0000 fd:00 872415323                  /data/soft/jdk1.8.0_371/jre/lib/amd64/libawt.so
7ff7ce9a1000-7ff7ce9a2000 r--p 0009f000 fd:00 872415323                  /data/soft/jdk1.8.0_371/jre/lib/amd64/libawt.so
7ff7ce9a2000-7ff7ce9ad000 rw-p 000a0000 fd:00 872415323                  /data/soft/jdk1.8.0_371/jre/lib/amd64/libawt.so
7ff7ce9ad000-7ff7cebd2000 rw-p 00000000 00:00 0 
7ff7cebd2000-7ff7cebd5000 ---p 00000000 00:00 0 
7ff7cebd5000-7ff7cecd3000 rw-p 00000000 00:00 0 
7ff7cecd3000-7ff7cecd6000 ---p 00000000 00:00 0 
7ff7cecd6000-7ff7cefd4000 rw-p 00000000 00:00 0 
7ff7cefd4000-7ff7cefd7000 ---p 00000000 00:00 0 
7ff7cefd7000-7ff7cf0d5000 rw-p 00000000 00:00 0 
7ff7cf0d5000-7ff7cf0d8000 ---p 00000000 00:00 0 
7ff7cf0d8000-7ff7cf1d6000 rw-p 00000000 00:00 0 
7ff7cf1d6000-7ff7cf1d9000 ---p 00000000 00:00 0 
7ff7cf1d9000-7ff7cf2d7000 rw-p 00000000 00:00 0 
7ff7cf2d7000-7ff7cf2da000 ---p 00000000 00:00 0 
7ff7cf2da000-7ff7cf3d8000 rw-p 00000000 00:00 0 
7ff7cf3d8000-7ff7cf3db000 ---p 00000000 00:00 0 
7ff7cf3db000-7ff7cf4d9000 rw-p 00000000 00:00 0 
7ff7cf4d9000-7ff7cf4dc000 ---p 00000000 00:00 0 
7ff7cf4dc000-7ff7cf5da000 rw-p 00000000 00:00 0 
7ff7cf5da000-7ff7cf5dd000 ---p 00000000 00:00 0 
7ff7cf5dd000-7ff7cf6db000 rw-p 00000000 00:00 0 
7ff7cf6db000-7ff7cf6de000 ---p 00000000 00:00 0 
7ff7cf6de000-7ff7cf7dc000 rw-p 00000000 00:00 0 
7ff7cf7dc000-7ff7cf7df000 ---p 00000000 00:00 0 
7ff7cf7df000-7ff7cf8dd000 rw-p 00000000 00:00 0 
7ff7cf8dd000-7ff7cf8e0000 ---p 00000000 00:00 0 
7ff7cf8e0000-7ff7cfbde000 rw-p 00000000 00:00 0 
7ff7cfbde000-7ff7cfbf9000 r-xp 00000000 fd:00 134336258                  /usr/lib64/libmagic.so.1.0.0
7ff7cfbf9000-7ff7cfdf9000 ---p 0001b000 fd:00 134336258                  /usr/lib64/libmagic.so.1.0.0
7ff7cfdf9000-7ff7cfdfa000 r--p 0001b000 fd:00 134336258                  /usr/lib64/libmagic.so.1.0.0
7ff7cfdfa000-7ff7cfdfb000 rw-p 0001c000 fd:00 134336258                  /usr/lib64/libmagic.so.1.0.0
7ff7cfdfb000-7ff7cfdff000 r-xp 00000000 fd:00 134336075                  /usr/lib64/libuuid.so.1.3.0
7ff7cfdff000-7ff7cfffe000 ---p 00004000 fd:00 134336075                  /usr/lib64/libuuid.so.1.3.0
7ff7cfffe000-7ff7cffff000 r--p 00003000 fd:00 134336075                  /usr/lib64/libuuid.so.1.3.0
7ff7cffff000-7ff7d0000000 rw-p 00004000 fd:00 134336075                  /usr/lib64/libuuid.so.1.3.0
7ff7d0000000-7ff7d036c000 rw-p 00000000 00:00 0 
7ff7d036c000-7ff7d4000000 ---p 00000000 00:00 0 
7ff7d4000000-7ff7d4066000 rw-p 00000000 00:00 0 
7ff7d4066000-7ff7d8000000 ---p 00000000 00:00 0 
7ff7d8000000-7ff7d8515000 rw-p 00000000 00:00 0 
7ff7d8515000-7ff7dc000000 ---p 00000000 00:00 0 
7ff7dc000000-7ff7dc127000 rw-p 00000000 00:00 0 
7ff7dc127000-7ff7e0000000 ---p 00000000 00:00 0 
7ff7e0000000-7ff7e096a000 rw-p 00000000 00:00 0 
7ff7e096a000-7ff7e4000000 ---p 00000000 00:00 0 
7ff7e4000000-7ff7e650e000 rw-p 00000000 00:00 0 
7ff7e650e000-7ff7e8000000 ---p 00000000 00:00 0 
7ff7e8000000-7ff7e9a99000 rw-p 00000000 00:00 0 
7ff7e9a99000-7ff7ec000000 ---p 00000000 00:00 0 
7ff7ec000000-7ff7ee28a000 rw-p 00000000 00:00 0 
7ff7ee28a000-7ff7f0000000 ---p 00000000 00:00 0 
7ff7f0000000-7ff7f0873000 rw-p 00000000 00:00 0 
7ff7f0873000-7ff7f4000000 ---p 00000000 00:00 0 
7ff7f4000000-7ff7f6843000 rw-p 00000000 00:00 0 
7ff7f6843000-7ff7f8000000 ---p 00000000 00:00 0 
7ff7f8000000-7ff7f816d000 rw-p 00000000 00:00 0 
7ff7f816d000-7ff7fc000000 ---p 00000000 00:00 0 
7ff7fc000000-7ff7fe3fb000 rw-p 00000000 00:00 0 
7ff7fe3fb000-7ff800000000 ---p 00000000 00:00 0 
7ff800000000-7ff8005e2000 rw-p 00000000 00:00 0 
7ff8005e2000-7ff804000000 ---p 00000000 00:00 0 
7ff804000000-7ff8042b5000 rw-p 00000000 00:00 0 
7ff8042b5000-7ff808000000 ---p 00000000 00:00 0 
7ff808000000-7ff80842c000 rw-p 00000000 00:00 0 
7ff80842c000-7ff80c000000 ---p 00000000 00:00 0 
7ff80c000000-7ff80c5d4000 rw-p 00000000 00:00 0 
7ff80c5d4000-7ff810000000 ---p 00000000 00:00 0 
7ff810000000-7ff810353000 rw-p 00000000 00:00 0 
7ff810353000-7ff814000000 ---p 00000000 00:00 0 
7ff814000000-7ff816125000 rw-p 00000000 00:00 0 
7ff816125000-7ff818000000 ---p 00000000 00:00 0 
7ff818000000-7ff818938000 rw-p 00000000 00:00 0 
7ff818938000-7ff81c000000 ---p 00000000 00:00 0 
7ff81c000000-7ff81c40d000 rw-p 00000000 00:00 0 
7ff81c40d000-7ff820000000 ---p 00000000 00:00 0 
7ff820000000-7ff82217a000 rw-p 00000000 00:00 0 
7ff82217a000-7ff824000000 ---p 00000000 00:00 0 
7ff824000000-7ff826103000 rw-p 00000000 00:00 0 
7ff826103000-7ff828000000 ---p 00000000 00:00 0 
7ff828000000-7ff8283a2000 rw-p 00000000 00:00 0 
7ff8283a2000-7ff82c000000 ---p 00000000 00:00 0 
7ff82c000000-7ff82e29c000 rw-p 00000000 00:00 0 
7ff82e29c000-7ff830000000 ---p 00000000 00:00 0 
7ff830092000-7ff830095000 ---p 00000000 00:00 0 
7ff830095000-7ff830193000 rw-p 00000000 00:00 0 
7ff830193000-7ff8301cf000 r-xp 00000000 fd:00 134801517                  /usr/lib64/libblkid.so.1.1.0
7ff8301cf000-7ff8303ce000 ---p 0003c000 fd:00 134801517                  /usr/lib64/libblkid.so.1.1.0
7ff8303ce000-7ff8303d1000 r--p 0003b000 fd:00 134801517                  /usr/lib64/libblkid.so.1.1.0
7ff8303d1000-7ff8303d2000 rw-p 0003e000 fd:00 134801517                  /usr/lib64/libblkid.so.1.1.0
7ff8303d2000-7ff8303d3000 rw-p 00000000 00:00 0 
7ff8303d3000-7ff830413000 r-xp 00000000 fd:00 134801556                  /usr/lib64/libmount.so.1.1.0
7ff830413000-7ff830613000 ---p 00040000 fd:00 134801556                  /usr/lib64/libmount.so.1.1.0
7ff830613000-7ff830614000 r--p 00040000 fd:00 134801556                  /usr/lib64/libmount.so.1.1.0
7ff830614000-7ff830615000 rw-p 00041000 fd:00 134801556                  /usr/lib64/libmount.so.1.1.0
7ff830615000-7ff830616000 rw-p 00000000 00:00 0 
7ff830616000-7ff83062c000 r-xp 00000000 fd:00 134321467                  /usr/lib64/libresolv-2.17.so
7ff83062c000-7ff83082c000 ---p 00016000 fd:00 134321467                  /usr/lib64/libresolv-2.17.so
7ff83082c000-7ff83082d000 r--p 00016000 fd:00 134321467                  /usr/lib64/libresolv-2.17.so
7ff83082d000-7ff83082e000 rw-p 00017000 fd:00 134321467                  /usr/lib64/libresolv-2.17.so
7ff83082e000-7ff830830000 rw-p 00000000 00:00 0 
7ff830830000-7ff830854000 r-xp 00000000 fd:00 134336050                  /usr/lib64/libselinux.so.1
7ff830854000-7ff830a53000 ---p 00024000 fd:00 134336050                  /usr/lib64/libselinux.so.1
7ff830a53000-7ff830a54000 r--p 00023000 fd:00 134336050                  /usr/lib64/libselinux.so.1
7ff830a54000-7ff830a55000 rw-p 00024000 fd:00 134336050                  /usr/lib64/libselinux.so.1
7ff830a55000-7ff830a57000 rw-p 00000000 00:00 0 
7ff830a57000-7ff830a71000 r-xp 00000000 fd:00 734920                     /usr/local/zlib/lib/libz.so.1.2.13
7ff830a71000-7ff830c71000 ---p 0001a000 fd:00 734920                     /usr/local/zlib/lib/libz.so.1.2.13
7ff830c71000-7ff830c72000 r--p 0001a000 fd:00 734920                     /usr/local/zlib/lib/libz.so.1.2.13
7ff830c72000-7ff830c73000 rw-p 0001b000 fd:00 734920                     /usr/local/zlib/lib/libz.so.1.2.13
7ff830c73000-7ff830cd3000 r-xp 00000000 fd:00 134336034                  /usr/lib64/libpcre.so.1.2.0
7ff830cd3000-7ff830ed3000 ---p 00060000 fd:00 134336034                  /usr/lib64/libpcre.so.1.2.0
7ff830ed3000-7ff830ed4000 r--p 00060000 fd:00 134336034                  /usr/lib64/libpcre.so.1.2.0
7ff830ed4000-7ff830ed5000 rw-p 00061000 fd:00 134336034                  /usr/lib64/libpcre.so.1.2.0
7ff830ed5000-7ff830fe9000 r-xp 00000000 fd:00 134801562                  /usr/lib64/libglib-2.0.so.0.5600.1
7ff830fe9000-7ff8311e8000 ---p 00114000 fd:00 134801562                  /usr/lib64/libglib-2.0.so.0.5600.1
7ff8311e8000-7ff8311e9000 r--p 00113000 fd:00 134801562                  /usr/lib64/libglib-2.0.so.0.5600.1
7ff8311e9000-7ff8311ea000 rw-p 00114000 fd:00 134801562                  /usr/lib64/libglib-2.0.so.0.5600.1
7ff8311ea000-7ff8311eb000 rw-p 00000000 00:00 0 
7ff8311eb000-7ff8311ee000 r-xp 00000000 fd:00 134801564                  /usr/lib64/libgmodule-2.0.so.0.5600.1
7ff8311ee000-7ff8313ed000 ---p 00003000 fd:00 134801564                  /usr/lib64/libgmodule-2.0.so.0.5600.1
7ff8313ed000-7ff8313ee000 r--p 00002000 fd:00 134801564                  /usr/lib64/libgmodule-2.0.so.0.5600.1
7ff8313ee000-7ff8313ef000 rw-p 00003000 fd:00 134801564                  /usr/lib64/libgmodule-2.0.so.0.5600.1
7ff8313ef000-7ff8313f6000 r-xp 00000000 fd:00 134336197                  /usr/lib64/libffi.so.6.0.1
7ff8313f6000-7ff8315f5000 ---p 00007000 fd:00 134336197                  /usr/lib64/libffi.so.6.0.1
7ff8315f5000-7ff8315f6000 r--p 00006000 fd:00 134336197                  /usr/lib64/libffi.so.6.0.1
7ff8315f6000-7ff8315f7000 rw-p 00007000 fd:00 134336197                  /usr/lib64/libffi.so.6.0.1
7ff8315f7000-7ff831646000 r-xp 00000000 fd:00 134801566                  /usr/lib64/libgobject-2.0.so.0.5600.1
7ff831646000-7ff831846000 ---p 0004f000 fd:00 134801566                  /usr/lib64/libgobject-2.0.so.0.5600.1
7ff831846000-7ff831847000 r--p 0004f000 fd:00 134801566                  /usr/lib64/libgobject-2.0.so.0.5600.1
7ff831847000-7ff831848000 rw-p 00050000 fd:00 134801566                  /usr/lib64/libgobject-2.0.so.0.5600.1
7ff831848000-7ff8319de000 r-xp 00000000 fd:00 134801560                  /usr/lib64/libgio-2.0.so.0.5600.1
7ff8319de000-7ff831bde000 ---p 00196000 fd:00 134801560                  /usr/lib64/libgio-2.0.so.0.5600.1
7ff831bde000-7ff831be3000 r--p 00196000 fd:00 134801560                  /usr/lib64/libgio-2.0.so.0.5600.1
7ff831be3000-7ff831be6000 rw-p 0019b000 fd:00 134801560                  /usr/lib64/libgio-2.0.so.0.5600.1
7ff831be6000-7ff831de8000 rw-p 00000000 00:00 0 
7ff831de8000-7ff831deb000 ---p 00000000 00:00 0 
7ff831deb000-7ff831ee9000 rw-p 00000000 00:00 0 
7ff831ee9000-7ff831eec000 ---p 00000000 00:00 0 
7ff831eec000-7ff831fea000 rw-p 00000000 00:00 0 
7ff831fea000-7ff831fed000 ---p 00000000 00:00 0 
7ff831fed000-7ff8320eb000 rw-p 00000000 00:00 0 
7ff8320eb000-7ff8320ee000 ---p 00000000 00:00 0 
7ff8320ee000-7ff8321ec000 rw-p 00000000 00:00 0 
7ff8321ec000-7ff8321ef000 ---p 00000000 00:00 0 
7ff8321ef000-7ff8324ed000 rw-p 00000000 00:00 0 
7ff8324ed000-7ff8326ed000 rw-p 00000000 00:00 0 
7ff8326ed000-7ff8326f0000 ---p 00000000 00:00 0 
7ff8326f0000-7ff8327ee000 rw-p 00000000 00:00 0 
7ff8327ee000-7ff8327f1000 ---p 00000000 00:00 0 
7ff8327f1000-7ff8328ef000 rw-p 00000000 00:00 0 
7ff8328ef000-7ff8328f2000 ---p 00000000 00:00 0 
7ff8328f2000-7ff8329f0000 rw-p 00000000 00:00 0 
7ff8329f0000-7ff8329f3000 ---p 00000000 00:00 0 
7ff8329f3000-7ff832af1000 rw-p 00000000 00:00 0 
7ff832af1000-7ff832af4000 ---p 00000000 00:00 0 
7ff832af4000-7ff832bf2000 rw-p 00000000 00:00 0 
7ff832bf2000-7ff832bf5000 ---p 00000000 00:00 0 
7ff832bf5000-7ff832ef3000 rw-p 00000000 00:00 0 
7ff832ef3000-7ff832ef6000 ---p 00000000 00:00 0 
7ff832ef6000-7ff832ff4000 rw-p 00000000 00:00 0 
7ff832ff4000-7ff832ff7000 ---p 00000000 00:00 0 
7ff832ff7000-7ff8330f5000 rw-p 00000000 00:00 0 
7ff8330f5000-7ff8330f8000 ---p 00000000 00:00 0 
7ff8330f8000-7ff8331f6000 rw-p 00000000 00:00 0 
7ff8331f6000-7ff8331f9000 ---p 00000000 00:00 0 
7ff8331f9000-7ff8332f7000 rw-p 00000000 00:00 0 
7ff8332f7000-7ff8332fa000 ---p 00000000 00:00 0 
7ff8332fa000-7ff8333f8000 rw-p 00000000 00:00 0 
7ff8333f8000-7ff8333fb000 ---p 00000000 00:00 0 
7ff8333fb000-7ff8334f9000 rw-p 00000000 00:00 0 
7ff8334f9000-7ff8334fc000 ---p 00000000 00:00 0 
7ff8334fc000-7ff8335fa000 rw-p 00000000 00:00 0 
7ff8335fa000-7ff8335fd000 ---p 00000000 00:00 0 
7ff8335fd000-7ff8336fb000 rw-p 00000000 00:00 0 
7ff8336fb000-7ff8336fe000 ---p 00000000 00:00 0 
7ff8336fe000-7ff8337fc000 rw-p 00000000 00:00 0 
7ff8337fc000-7ff8337ff000 ---p 00000000 00:00 0 
7ff8337ff000-7ff8338fd000 rw-p 00000000 00:00 0 
7ff8338fd000-7ff833900000 ---p 00000000 00:00 0 
7ff833900000-7ff8339fe000 rw-p 00000000 00:00 0 
7ff8339fe000-7ff833a01000 ---p 00000000 00:00 0 
7ff833a01000-7ff833aff000 rw-p 00000000 00:00 0 
7ff833aff000-7ff833b02000 ---p 00000000 00:00 0 
7ff833b02000-7ff833e00000 rw-p 00000000 00:00 0 
7ff833e00000-7ff834000000 rw-p 00000000 00:00 0 
7ff834000000-7ff83486a000 rw-p 00000000 00:00 0 
7ff83486a000-7ff838000000 ---p 00000000 00:00 0 
7ff838000000-7ff8384e8000 rw-p 00000000 00:00 0 
7ff8384e8000-7ff83c000000 ---p 00000000 00:00 0 
7ff83c000000-7ff83e304000 rw-p 00000000 00:00 0 
7ff83e304000-7ff840000000 ---p 00000000 00:00 0 
7ff840000000-7ff84002d000 rw-p 00000000 00:00 0 
7ff84002d000-7ff844000000 ---p 00000000 00:00 0 
7ff844000000-7ff844073000 rw-p 00000000 00:00 0 
7ff844073000-7ff848000000 ---p 00000000 00:00 0 
7ff848000000-7ff848027000 rw-p 00000000 00:00 0 
7ff848027000-7ff84c000000 ---p 00000000 00:00 0 
7ff84c000000-7ff84c0dc000 rw-p 00000000 00:00 0 
7ff84c0dc000-7ff850000000 ---p 00000000 00:00 0 
7ff850000000-7ff8520b5000 rw-p 00000000 00:00 0 
7ff8520b5000-7ff854000000 ---p 00000000 00:00 0 
7ff854000000-7ff85432c000 rw-p 00000000 00:00 0 
7ff85432c000-7ff858000000 ---p 00000000 00:00 0 
7ff858000000-7ff858361000 rw-p 00000000 00:00 0 
7ff858361000-7ff85c000000 ---p 00000000 00:00 0 
7ff85c000000-7ff85c033000 rw-p 00000000 00:00 0 
7ff85c033000-7ff860000000 ---p 00000000 00:00 0 
7ff860000000-7ff8600d3000 rw-p 00000000 00:00 0 
7ff8600d3000-7ff864000000 ---p 00000000 00:00 0 
7ff864000000-7ff864021000 rw-p 00000000 00:00 0 
7ff864021000-7ff868000000 ---p 00000000 00:00 0 
7ff868000000-7ff868021000 rw-p 00000000 00:00 0 
7ff868021000-7ff86c000000 ---p 00000000 00:00 0 
7ff86c000000-7ff86c022000 rw-p 00000000 00:00 0 
7ff86c022000-7ff870000000 ---p 00000000 00:00 0 
7ff870000000-7ff87002c000 rw-p 00000000 00:00 0 
7ff87002c000-7ff874000000 ---p 00000000 00:00 0 
7ff874000000-7ff87609a000 rw-p 00000000 00:00 0 
7ff87609a000-7ff878000000 ---p 00000000 00:00 0 
7ff878000000-7ff878021000 rw-p 00000000 00:00 0 
7ff878021000-7ff87c000000 ---p 00000000 00:00 0 
7ff87c000000-7ff87e2ab000 rw-p 00000000 00:00 0 
7ff87e2ab000-7ff880000000 ---p 00000000 00:00 0 
7ff880000000-7ff881055000 rw-p 00000000 00:00 0 
7ff881055000-7ff884000000 ---p 00000000 00:00 0 
7ff884000000-7ff886b30000 rw-p 00000000 00:00 0 
7ff886b30000-7ff888000000 ---p 00000000 00:00 0 
7ff888000000-7ff889528000 rw-p 00000000 00:00 0 
7ff889528000-7ff88c000000 ---p 00000000 00:00 0 
7ff88c000000-7ff88f7d4000 rw-p 00000000 00:00 0 
7ff88f7d4000-7ff890000000 ---p 00000000 00:00 0 
7ff890000000-7ff8932e1000 rw-p 00000000 00:00 0 
7ff8932e1000-7ff894000000 ---p 00000000 00:00 0 
7ff894000000-7ff897b69000 rw-p 00000000 00:00 0 
7ff897b69000-7ff898000000 ---p 00000000 00:00 0 
7ff8980b2000-7ff8982b2000 rw-p 00000000 00:00 0 
7ff8982b2000-7ff8984b2000 rw-p 00000000 00:00 0 
7ff8984b2000-7ff8986b2000 rw-p 00000000 00:00 0 
7ff8986b2000-7ff8988b2000 rw-p 00000000 00:00 0 
7ff8988b2000-7ff8988b5000 ---p 00000000 00:00 0 
7ff8988b5000-7ff898bb3000 rw-p 00000000 00:00 0 
7ff898bb3000-7ff898bb6000 ---p 00000000 00:00 0 
7ff898bb6000-7ff898cb4000 rw-p 00000000 00:00 0 
7ff898cb4000-7ff898cb7000 ---p 00000000 00:00 0 
7ff898cb7000-7ff898db5000 rw-p 00000000 00:00 0 
7ff898db5000-7ff898db8000 ---p 00000000 00:00 0 
7ff898db8000-7ff898eb6000 rw-p 00000000 00:00 0 
7ff898eb6000-7ff898eb9000 ---p 00000000 00:00 0 
7ff898eb9000-7ff898fb7000 rw-p 00000000 00:00 0 
7ff898fb7000-7ff898fba000 ---p 00000000 00:00 0 
7ff898fba000-7ff8990b8000 rw-p 00000000 00:00 0 
7ff8990b8000-7ff8990bb000 ---p 00000000 00:00 0 
7ff8990bb000-7ff8991b9000 rw-p 00000000 00:00 0 
7ff8991b9000-7ff8991bc000 ---p 00000000 00:00 0 
7ff8991bc000-7ff8992ba000 rw-p 00000000 00:00 0 
7ff8992ba000-7ff8992bd000 ---p 00000000 00:00 0 
7ff8992bd000-7ff8993bb000 rw-p 00000000 00:00 0 
7ff8993bb000-7ff8993be000 ---p 00000000 00:00 0 
7ff8993be000-7ff8994bc000 rw-p 00000000 00:00 0 
7ff8994bc000-7ff8994bf000 ---p 00000000 00:00 0 
7ff8994bf000-7ff8997bd000 rw-p 00000000 00:00 0 
7ff8997bd000-7ff8999bd000 rw-p 00000000 00:00 0 
7ff8999bd000-7ff8999c0000 ---p 00000000 00:00 0 
7ff8999c0000-7ff899abe000 rw-p 00000000 00:00 0 
7ff899abe000-7ff8a0000000 r--p 00000000 fd:00 134321498                  /usr/lib/locale/locale-archive
7ff8a0000000-7ff8a041d000 rw-p 00000000 00:00 0 
7ff8a041d000-7ff8a4000000 ---p 00000000 00:00 0 
7ff8a4000000-7ff8a4a3c000 rw-p 00000000 00:00 0 
7ff8a4a3c000-7ff8a8000000 ---p 00000000 00:00 0 
7ff8a8000000-7ff8ab030000 rw-p 00000000 00:00 0 
7ff8ab030000-7ff8ac000000 ---p 00000000 00:00 0 
7ff8ac000000-7ff8ac73e000 rw-p 00000000 00:00 0 
7ff8ac73e000-7ff8b0000000 ---p 00000000 00:00 0 
7ff8b0000000-7ff8b1e22000 rw-p 00000000 00:00 0 
7ff8b1e22000-7ff8b4000000 ---p 00000000 00:00 0 
7ff8b4000000-7ff8b4c4f000 rw-p 00000000 00:00 0 
7ff8b4c4f000-7ff8b8000000 ---p 00000000 00:00 0 
7ff8b8000000-7ff8ba0fc000 rw-p 00000000 00:00 0 
7ff8ba0fc000-7ff8bc000000 ---p 00000000 00:00 0 
7ff8bc000000-7ff8be4f2000 rw-p 00000000 00:00 0 
7ff8be4f2000-7ff8c0000000 ---p 00000000 00:00 0 
7ff8c0000000-7ff8c0bac000 rw-p 00000000 00:00 0 
7ff8c0bac000-7ff8c4000000 ---p 00000000 00:00 0 
7ff8c4000000-7ff8c60c7000 rw-p 00000000 00:00 0 
7ff8c60c7000-7ff8c8000000 ---p 00000000 00:00 0 
7ff8c8000000-7ff8ca673000 rw-p 00000000 00:00 0 
7ff8ca673000-7ff8cc000000 ---p 00000000 00:00 0 
7ff8cc091000-7ff8cc094000 ---p 00000000 00:00 0 
7ff8cc094000-7ff8cc192000 rw-p 00000000 00:00 0 
7ff8cc192000-7ff8cc195000 ---p 00000000 00:00 0 
7ff8cc195000-7ff8cc493000 rw-p 00000000 00:00 0 
7ff8cc493000-7ff8cc693000 rw-p 00000000 00:00 0 
7ff8cc693000-7ff8cc893000 rw-p 00000000 00:00 0 
7ff8cc893000-7ff8cc896000 ---p 00000000 00:00 0 
7ff8cc896000-7ff8ccb94000 rw-p 00000000 00:00 0 
7ff8ccb94000-7ff8ccb97000 ---p 00000000 00:00 0 
7ff8ccb97000-7ff8ccc95000 rw-p 00000000 00:00 0 
7ff8ccc95000-7ff8ccc98000 ---p 00000000 00:00 0 
7ff8ccc98000-7ff8ccd96000 rw-p 00000000 00:00 0 
7ff8ccd96000-7ff8ccd99000 ---p 00000000 00:00 0 
7ff8ccd99000-7ff8cd097000 rw-p 00000000 00:00 0 
7ff8cd097000-7ff8cd297000 rw-p 00000000 00:00 0 
7ff8cd297000-7ff8cd29a000 ---p 00000000 00:00 0 
7ff8cd29a000-7ff8cd598000 rw-p 00000000 00:00 0 
7ff8cd598000-7ff8cd798000 rw-p 00000000 00:00 0 
7ff8cd798000-7ff8cd998000 rw-p 00000000 00:00 0 
7ff8cd998000-7ff8cdb98000 rw-p 00000000 00:00 0 
7ff8cdb98000-7ff8cdba9000 r-xp 00000000 fd:00 872415329                  /data/soft/jdk1.8.0_371/jre/lib/amd64/libnio.so
7ff8cdba9000-7ff8cdda8000 ---p 00011000 fd:00 872415329                  /data/soft/jdk1.8.0_371/jre/lib/amd64/libnio.so
7ff8cdda8000-7ff8cdda9000 r--p 00010000 fd:00 872415329                  /data/soft/jdk1.8.0_371/jre/lib/amd64/libnio.so
7ff8cdda9000-7ff8cddaa000 rw-p 00011000 fd:00 872415329                  /data/soft/jdk1.8.0_371/jre/lib/amd64/libnio.so
7ff8cddaa000-7ff8cdfaa000 rw-p 00000000 00:00 0 
7ff8cdfaa000-7ff8ce1aa000 rw-p 00000000 00:00 0 
7ff8ce1aa000-7ff8ce3aa000 rw-p 00000000 00:00 0 
7ff8ce3aa000-7ff8ce3bf000 r-xp 00000000 fd:00 134320200                  /usr/lib64/libgcc_s-4.8.5-20150702.so.1
7ff8ce3bf000-7ff8ce5be000 ---p 00015000 fd:00 134320200                  /usr/lib64/libgcc_s-4.8.5-20150702.so.1
7ff8ce5be000-7ff8ce5bf000 r--p 00014000 fd:00 134320200                  /usr/lib64/libgcc_s-4.8.5-20150702.so.1
7ff8ce5bf000-7ff8ce5c0000 rw-p 00015000 fd:00 134320200                  /usr/lib64/libgcc_s-4.8.5-20150702.so.1
7ff8ce5c0000-7ff8ce5f8000 r-xp 00000000 fd:00 872415304                  /data/soft/jdk1.8.0_371/jre/lib/amd64/libsunec.so
7ff8ce5f8000-7ff8ce7f7000 ---p 00038000 fd:00 872415304                  /data/soft/jdk1.8.0_371/jre/lib/amd64/libsunec.so
7ff8ce7f7000-7ff8ce7fc000 r--p 00037000 fd:00 872415304                  /data/soft/jdk1.8.0_371/jre/lib/amd64/libsunec.so
7ff8ce7fc000-7ff8ce7fe000 rw-p 0003c000 fd:00 872415304                  /data/soft/jdk1.8.0_371/jre/lib/amd64/libsunec.so
7ff8ce7fe000-7ff8ce9fe000 rw-p 00000000 00:00 0 
7ff8ce9fe000-7ff8cebfe000 rw-p 00000000 00:00 0 
7ff8cebfe000-7ff8cedfe000 rw-p 00000000 00:00 0 
7ff8cedfe000-7ff8ceffe000 rw-p 00000000 00:00 0 
7ff8ceffe000-7ff8cf1fe000 rw-p 00000000 00:00 0 
7ff8cf1fe000-7ff8cf3fe000 rw-p 00000000 00:00 0 
7ff8cf3fe000-7ff8cf5fe000 rw-p 00000000 00:00 0 
7ff8cf5fe000-7ff8cf7fe000 rw-p 00000000 00:00 0 
7ff8cf7fe000-7ff8cf9fe000 rw-p 00000000 00:00 0 
7ff8cf9fe000-7ff8cfbfe000 rw-p 00000000 00:00 0 
7ff8cfbfe000-7ff8d0dfe000 rw-p 00000000 00:00 0 
7ff8d0e9b000-7ff8d0ebb000 r--s 00000000 fd:00 202207753                  /usr/share/mime/mime.cache
7ff8d0ebb000-7ff8d11bb000 rw-p 00000000 00:00 0 
7ff8d11bb000-7ff8d11d1000 r-xp 00000000 fd:00 872415313                  /data/soft/jdk1.8.0_371/jre/lib/amd64/libnet.so
7ff8d11d1000-7ff8d13d0000 ---p 00016000 fd:00 872415313                  /data/soft/jdk1.8.0_371/jre/lib/amd64/libnet.so
7ff8d13d0000-7ff8d13d1000 r--p 00015000 fd:00 872415313                  /data/soft/jdk1.8.0_371/jre/lib/amd64/libnet.so
7ff8d13d1000-7ff8d13d2000 rw-p 00016000 fd:00 872415313                  /data/soft/jdk1.8.0_371/jre/lib/amd64/libnet.so
7ff8d13d2000-7ff8d13db000 r-xp 00000000 fd:00 872415321                  /data/soft/jdk1.8.0_371/jre/lib/amd64/libmanagement.so
7ff8d13db000-7ff8d15da000 ---p 00009000 fd:00 872415321                  /data/soft/jdk1.8.0_371/jre/lib/amd64/libmanagement.so
7ff8d15da000-7ff8d15db000 r--p 00008000 fd:00 872415321                  /data/soft/jdk1.8.0_371/jre/lib/amd64/libmanagement.so
7ff8d15db000-7ff8d15dc000 rw-p 00009000 fd:00 872415321                  /data/soft/jdk1.8.0_371/jre/lib/amd64/libmanagement.so
7ff8d15dc000-7ff8d17dc000 rw-p 00000000 00:00 0 
7ff8d17dc000-7ff8d19dc000 rw-p 00000000 00:00 0 
7ff8d19dc000-7ff8d1bdc000 rw-p 00000000 00:00 0 
7ff8d1bdc000-7ff8d1bdf000 ---p 00000000 00:00 0 
7ff8d1bdf000-7ff8d1cdd000 rw-p 00000000 00:00 0 
7ff8d1cdd000-7ff8d1cde000 ---p 00000000 00:00 0 
7ff8d1cde000-7ff8d1dde000 rw-p 00000000 00:00 0 
7ff8d1dde000-7ff8d1de1000 ---p 00000000 00:00 0 
7ff8d1de1000-7ff8d1edf000 rw-p 00000000 00:00 0 
7ff8d1edf000-7ff8d1ee3000 ---p 00000000 00:00 0 
7ff8d1ee3000-7ff8d1fe0000 rw-p 00000000 00:00 0 
7ff8d1fe0000-7ff8d1fe4000 ---p 00000000 00:00 0 
7ff8d1fe4000-7ff8d20e1000 rw-p 00000000 00:00 0 
7ff8d20e1000-7ff8d20e5000 ---p 00000000 00:00 0 
7ff8d20e5000-7ff8d21e2000 rw-p 00000000 00:00 0 
7ff8d21e2000-7ff8d21e6000 ---p 00000000 00:00 0 
7ff8d21e6000-7ff8d22e3000 rw-p 00000000 00:00 0 
7ff8d22e3000-7ff8d22e6000 ---p 00000000 00:00 0 
7ff8d22e6000-7ff8d23e4000 rw-p 00000000 00:00 0 
7ff8d23e4000-7ff8d23e7000 ---p 00000000 00:00 0 
7ff8d23e7000-7ff8d24e5000 rw-p 00000000 00:00 0 
7ff8d24e5000-7ff8d24e8000 ---p 00000000 00:00 0 
7ff8d24e8000-7ff8d25e6000 rw-p 00000000 00:00 0 
7ff8d25e6000-7ff8d25e7000 ---p 00000000 00:00 0 
7ff8d25e7000-7ff8d4000000 rw-p 00000000 00:00 0 
7ff8d4000000-7ff8d4d3b000 rw-p 00000000 00:00 0 
7ff8d4d3b000-7ff8d8000000 ---p 00000000 00:00 0 
7ff8d8010000-7ff8d8015000 r--s 002f9000 fd:00 805306474                  /data/soft/jdk1.8.0_371/jre/lib/charsets.jar
7ff8d8015000-7ff8d8030000 r--s 001d6000 fd:00 805306459                  /data/soft/jdk1.8.0_371/jre/lib/ext/nashorn.jar
7ff8d8030000-7ff8d804b000 r--s 00394000 fd:00 805306466                  /data/soft/jdk1.8.0_371/jre/lib/ext/cldrdata.jar
7ff8d804b000-7ff8d805e000 r--s 00353000 fd:00 805306476                  /data/soft/jdk1.8.0_371/jre/lib/resources.jar
7ff8d805e000-7ff8d8063000 r--s 00043000 fd:00 805306462                  /data/soft/jdk1.8.0_371/jre/lib/ext/sunjce_provider.jar
7ff8d8063000-7ff8d80f9000 r--s 0110a000 fd:00 805306469                  /data/soft/jdk1.8.0_371/jre/lib/ext/jfxrt.jar
7ff8d80f9000-7ff8d834c000 rw-p 00000000 00:00 0 
7ff8d834c000-7ff8d852d000 r--s 03ebc000 fd:00 805306477                  /data/soft/jdk1.8.0_371/jre/lib/rt.jar
7ff8d852d000-7ff8e8dfe000 rw-p 00000000 00:00 0 
7ff8e8dfe000-7ff8e8dff000 ---p 00000000 00:00 0 
7ff8e8dff000-7ff8e8eff000 rw-p 00000000 00:00 0 
7ff8e8eff000-7ff8e8f00000 ---p 00000000 00:00 0 
7ff8e8f00000-7ff8e9000000 rw-p 00000000 00:00 0 
7ff8e9000000-7ff8ee3c0000 rwxp 00000000 00:00 0 
7ff8ee3c0000-7ff8f8000000 ---p 00000000 00:00 0 
7ff8f8000000-7ff8fb2a9000 rw-p 00000000 00:00 0 
7ff8fb2a9000-7ff8fc000000 ---p 00000000 00:00 0 
7ff8fc000000-7ff8fc004000 r--s 00044000 fd:00 805306463                  /data/soft/jdk1.8.0_371/jre/lib/ext/sunpkcs11.jar
7ff8fc004000-7ff8fc015000 r--s 001c9000 fd:00 805306475                  /data/soft/jdk1.8.0_371/jre/lib/jsse.jar
7ff8fc015000-7ff8fc029000 r--p 00000000 fd:00 67188999                   /usr/share/locale/zh_CN/LC_MESSAGES/libc.mo
7ff8fc029000-7ff8fc02a000 ---p 00000000 00:00 0 
7ff8fc02a000-7ff8fc12a000 rw-p 00000000 00:00 0 
7ff8fc12a000-7ff8fc12b000 ---p 00000000 00:00 0 
7ff8fc12b000-7ff8fc22b000 rw-p 00000000 00:00 0 
7ff8fc22b000-7ff8fc22c000 ---p 00000000 00:00 0 
7ff8fc22c000-7ff8fc32c000 rw-p 00000000 00:00 0 
7ff8fc32c000-7ff8fc32d000 ---p 00000000 00:00 0 
7ff8fc32d000-7ff8fc42d000 rw-p 00000000 00:00 0 
7ff8fc42d000-7ff8fc42e000 ---p 00000000 00:00 0 
7ff8fc42e000-7ff8fc52e000 rw-p 00000000 00:00 0 
7ff8fc52e000-7ff8fc52f000 ---p 00000000 00:00 0 
7ff8fc52f000-7ff8fd0da000 rw-p 00000000 00:00 0 
7ff8fd0da000-7ff8fdb84000 rw-p 00000000 00:00 0 
7ff8fdb84000-7ff8fe0da000 rw-p 00000000 00:00 0 
7ff8fe0da000-7ff8fe22a000 rw-p 00000000 00:00 0 
7ff8fe22a000-7ff8fe49b000 ---p 00000000 00:00 0 
7ff8fe49b000-7ff8fe4b6000 r-xp 00000000 fd:00 872415317                  /data/soft/jdk1.8.0_371/jre/lib/amd64/libzip.so
7ff8fe4b6000-7ff8fe6b5000 ---p 0001b000 fd:00 872415317                  /data/soft/jdk1.8.0_371/jre/lib/amd64/libzip.so
7ff8fe6b5000-7ff8fe6b6000 r--p 0001a000 fd:00 872415317                  /data/soft/jdk1.8.0_371/jre/lib/amd64/libzip.so
7ff8fe6b6000-7ff8fe6b7000 rw-p 0001b000 fd:00 872415317                  /data/soft/jdk1.8.0_371/jre/lib/amd64/libzip.so
7ff8fe6b7000-7ff8fe6c3000 r-xp 00000000 fd:00 134321457                  /usr/lib64/libnss_files-2.17.so
7ff8fe6c3000-7ff8fe8c2000 ---p 0000c000 fd:00 134321457                  /usr/lib64/libnss_files-2.17.so
7ff8fe8c2000-7ff8fe8c3000 r--p 0000b000 fd:00 134321457                  /usr/lib64/libnss_files-2.17.so
7ff8fe8c3000-7ff8fe8c4000 rw-p 0000c000 fd:00 134321457                  /usr/lib64/libnss_files-2.17.so
7ff8fe8c4000-7ff8fe8ca000 rw-p 00000000 00:00 0 
7ff8fe8ca000-7ff8fe8f6000 r-xp 00000000 fd:00 872415311                  /data/soft/jdk1.8.0_371/jre/lib/amd64/libjava.so
7ff8fe8f6000-7ff8feaf6000 ---p 0002c000 fd:00 872415311                  /data/soft/jdk1.8.0_371/jre/lib/amd64/libjava.so
7ff8feaf6000-7ff8feaf7000 r--p 0002c000 fd:00 872415311                  /data/soft/jdk1.8.0_371/jre/lib/amd64/libjava.so
7ff8feaf7000-7ff8feaf9000 rw-p 0002d000 fd:00 872415311                  /data/soft/jdk1.8.0_371/jre/lib/amd64/libjava.so
7ff8feaf9000-7ff8feb06000 r-xp 00000000 fd:00 872415300                  /data/soft/jdk1.8.0_371/jre/lib/amd64/libverify.so
7ff8feb06000-7ff8fed05000 ---p 0000d000 fd:00 872415300                  /data/soft/jdk1.8.0_371/jre/lib/amd64/libverify.so
7ff8fed05000-7ff8fed07000 r--p 0000c000 fd:00 872415300                  /data/soft/jdk1.8.0_371/jre/lib/amd64/libverify.so
7ff8fed07000-7ff8fed08000 rw-p 0000e000 fd:00 872415300                  /data/soft/jdk1.8.0_371/jre/lib/amd64/libverify.so
7ff8fed08000-7ff8fed0f000 r-xp 00000000 fd:00 134321469                  /usr/lib64/librt-2.17.so
7ff8fed0f000-7ff8fef0e000 ---p 00007000 fd:00 134321469                  /usr/lib64/librt-2.17.so
7ff8fef0e000-7ff8fef0f000 r--p 00006000 fd:00 134321469                  /usr/lib64/librt-2.17.so
7ff8fef0f000-7ff8fef10000 rw-p 00007000 fd:00 134321469                  /usr/lib64/librt-2.17.so
7ff8fef10000-7ff8ff011000 r-xp 00000000 fd:00 134321447                  /usr/lib64/libm-2.17.so
7ff8ff011000-7ff8ff210000 ---p 00101000 fd:00 134321447                  /usr/lib64/libm-2.17.so
7ff8ff210000-7ff8ff211000 r--p 00100000 fd:00 134321447                  /usr/lib64/libm-2.17.so
7ff8ff211000-7ff8ff212000 rw-p 00101000 fd:00 134321447                  /usr/lib64/libm-2.17.so
7ff8ff212000-7ff8fff13000 r-xp 00000000 fd:00 939524162                  /data/soft/jdk1.8.0_371/jre/lib/amd64/server/libjvm.so
7ff8fff13000-7ff900113000 ---p 00d01000 fd:00 939524162                  /data/soft/jdk1.8.0_371/jre/lib/amd64/server/libjvm.so
7ff900113000-7ff9001aa000 r--p 00d01000 fd:00 939524162                  /data/soft/jdk1.8.0_371/jre/lib/amd64/server/libjvm.so
7ff9001aa000-7ff9001db000 rw-p 00d98000 fd:00 939524162                  /data/soft/jdk1.8.0_371/jre/lib/amd64/server/libjvm.so
7ff9001db000-7ff900217000 rw-p 00000000 00:00 0 
7ff900217000-7ff9003db000 r-xp 00000000 fd:00 134321407                  /usr/lib64/libc-2.17.so
7ff9003db000-7ff9005da000 ---p 001c4000 fd:00 134321407                  /usr/lib64/libc-2.17.so
7ff9005da000-7ff9005de000 r--p 001c3000 fd:00 134321407                  /usr/lib64/libc-2.17.so
7ff9005de000-7ff9005e0000 rw-p 001c7000 fd:00 134321407                  /usr/lib64/libc-2.17.so
7ff9005e0000-7ff9005e5000 rw-p 00000000 00:00 0 
7ff9005e5000-7ff9005e7000 r-xp 00000000 fd:00 134321445                  /usr/lib64/libdl-2.17.so
7ff9005e7000-7ff9007e7000 ---p 00002000 fd:00 134321445                  /usr/lib64/libdl-2.17.so
7ff9007e7000-7ff9007e8000 r--p 00002000 fd:00 134321445                  /usr/lib64/libdl-2.17.so
7ff9007e8000-7ff9007e9000 rw-p 00003000 fd:00 134321445                  /usr/lib64/libdl-2.17.so
7ff9007e9000-7ff900801000 r-xp 00000000 fd:00 402653270                  /data/soft/jdk1.8.0_371/lib/amd64/jli/libjli.so
7ff900801000-7ff900a00000 ---p 00018000 fd:00 402653270                  /data/soft/jdk1.8.0_371/lib/amd64/jli/libjli.so
7ff900a00000-7ff900a01000 r--p 00017000 fd:00 402653270                  /data/soft/jdk1.8.0_371/lib/amd64/jli/libjli.so
7ff900a01000-7ff900a02000 rw-p 00018000 fd:00 402653270                  /data/soft/jdk1.8.0_371/lib/amd64/jli/libjli.so
7ff900a02000-7ff900a19000 r-xp 00000000 fd:00 134321465                  /usr/lib64/libpthread-2.17.so
7ff900a19000-7ff900c18000 ---p 00017000 fd:00 134321465                  /usr/lib64/libpthread-2.17.so
7ff900c18000-7ff900c19000 r--p 00016000 fd:00 134321465                  /usr/lib64/libpthread-2.17.so
7ff900c19000-7ff900c1a000 rw-p 00017000 fd:00 134321465                  /usr/lib64/libpthread-2.17.so
7ff900c1a000-7ff900c1e000 rw-p 00000000 00:00 0 
7ff900c1e000-7ff900c40000 r-xp 00000000 fd:00 134321400                  /usr/lib64/ld-2.17.so
7ff900c42000-7ff900c49000 r--s 00000000 fd:00 2775                       /usr/lib64/gconv/gconv-modules.cache
7ff900c49000-7ff900c54000 r--s 00116000 fd:00 805306465                  /data/soft/jdk1.8.0_371/jre/lib/ext/localedata.jar
7ff900c54000-7ff900c89000 r--s 0a61d000 fd:00 273549063                  /data/app/AFC_pros_all.jar
7ff900c89000-7ff900d29000 rw-p 00000000 00:00 0 
7ff900d29000-7ff900d31000 rw-s 00000000 fd:00 806362710                  /tmp/hsperfdata_root/2363
7ff900d31000-7ff900d35000 ---p 00000000 00:00 0 
7ff900d35000-7ff900e36000 rw-p 00000000 00:00 0 
7ff900e38000-7ff900e3a000 r--s 0000a000 fd:00 805306461                  /data/soft/jdk1.8.0_371/jre/lib/ext/sunec.jar
7ff900e3a000-7ff900e3c000 r--s 0001c000 fd:00 805306470                  /data/soft/jdk1.8.0_371/jre/lib/jce.jar
7ff900e3c000-7ff900e3d000 rw-p 00000000 00:00 0 
7ff900e3d000-7ff900e3e000 ---p 00000000 00:00 0 
7ff900e3e000-7ff900e3f000 rw-p 00000000 00:00 0 
7ff900e3f000-7ff900e40000 r--p 00021000 fd:00 134321400                  /usr/lib64/ld-2.17.so
7ff900e40000-7ff900e41000 rw-p 00022000 fd:00 134321400                  /usr/lib64/ld-2.17.so
7ff900e41000-7ff900e42000 rw-p 00000000 00:00 0 
7ffe9951f000-7ffe99540000 rw-p 00000000 00:00 0                          [stack]
7ffe99558000-7ffe9955a000 r-xp 00000000 00:00 0                          [vdso]
ffffffffff600000-ffffffffff601000 r-xp 00000000 00:00 0                  [vsyscall]


日志10：

VM Arguments:
jvm_args: -Xmx8192m -Xms4096m -XX:+HeapDumpOnOutOfMemoryError -XX:HeapDumpPath=/data/log/image.dump 
java_command: /data/app/AFC_pros_all.jar
java_class_path (initial): /data/app/AFC_pros_all.jar
Launcher Type: SUN_STANDARD

Environment Variables:
JAVA_HOME=/data/soft/jdk1.8.0_371
JRE_HOME=/data/soft/jdk1.8.0_371/jre
CLASSPATH=.:/data/soft/jdk1.8.0_371/lib:/data/soft/jdk1.8.0_371/jre/lib
PATH=/data/soft/jdk1.8.0_371/bin:/usr/local/sbin:/usr/bin:/bin:/usr/sbin:/sbin:/usr/local/openssh/bin:/root/bin
SHELL=/bin/bash

Signal Handlers:
SIGSEGV: [libjvm.so+0xae8fd0], sa_mask[0]=11111111011111111101111111111110, sa_flags=SA_RESTART|SA_SIGINFO
SIGBUS: [libjvm.so+0xae8fd0], sa_mask[0]=11111111011111111101111111111110, sa_flags=SA_RESTART|SA_SIGINFO
SIGFPE: [libjvm.so+0xae8fd0], sa_mask[0]=11111111011111111101111111111110, sa_flags=SA_RESTART|SA_SIGINFO
SIGPIPE: [libjvm.so+0x91d430], sa_mask[0]=11111111011111111101111111111110, sa_flags=SA_RESTART|SA_SIGINFO
SIGXFSZ: [libjvm.so+0x91d430], sa_mask[0]=11111111011111111101111111111110, sa_flags=SA_RESTART|SA_SIGINFO
SIGILL: [libjvm.so+0xae8fd0], sa_mask[0]=11111111011111111101111111111110, sa_flags=SA_RESTART|SA_SIGINFO
SIGUSR1: SIG_DFL, sa_mask[0]=00000000000000000000000000000000, sa_flags=none
SIGUSR2: [libjvm.so+0x91d490], sa_mask[0]=00000000000000000000000000000000, sa_flags=SA_RESTART|SA_SIGINFO
SIGHUP: SIG_IGN, sa_mask[0]=00000000000000000000000000000000, sa_flags=none
SIGINT: SIG_IGN, sa_mask[0]=00000000000000000000000000000000, sa_flags=none
SIGTERM: [libjvm.so+0x91dcf0], sa_mask[0]=11111111011111111101111111111110, sa_flags=SA_RESTART|SA_SIGINFO
SIGQUIT: [libjvm.so+0x91dcf0], sa_mask[0]=11111111011111111101111111111110, sa_flags=SA_RESTART|SA_SIGINFO

日志11：
---------------  S Y S T E M  ---------------

OS:Red Hat Enterprise Linux Server release 7.9 (Maipo)

uname:Linux 3.10.0-1160.el7.x86_64 #1 SMP Tue Aug 18 14:50:17 EDT 2020 x86_64
libc:glibc 2.17 NPTL 2.17 
rlimit: STACK 8192k, CORE 0k, NPROC 257553, NOFILE 65535, AS infinity
load average:9.45 8.18 4.64

/proc/meminfo:
MemTotal:       65957648 kB
MemFree:          364040 kB
MemAvailable:   43251012 kB
Buffers:           15072 kB
Cached:         42452828 kB
SwapCached:         5500 kB
Active:         39358652 kB
Inactive:       22977276 kB
Active(anon):   18144704 kB
Inactive(anon):  1743612 kB
Active(file):   21213948 kB
Inactive(file): 21233664 kB
Unevictable:           0 kB
Mlocked:               0 kB
SwapTotal:       4063228 kB
SwapFree:        4034556 kB
Dirty:               628 kB
Writeback:             0 kB
AnonPages:      19864328 kB
Mapped:           111124 kB
Shmem:             19848 kB
Slab:            1143080 kB
SReclaimable:     971168 kB
SUnreclaim:       171912 kB
KernelStack:       13504 kB
PageTables:        50216 kB
NFS_Unstable:          0 kB
Bounce:                0 kB
WritebackTmp:          0 kB
CommitLimit:    37042052 kB
Committed_AS:   22060788 kB
VmallocTotal:   34359738367 kB
VmallocUsed:      291848 kB
VmallocChunk:   34359310332 kB
Percpu:            22528 kB
HardwareCorrupted:     0 kB
AnonHugePages:  13559808 kB
CmaTotal:              0 kB
CmaFree:               0 kB
HugePages_Total:       0
HugePages_Free:        0
HugePages_Rsvd:        0
HugePages_Surp:        0
Hugepagesize:       2048 kB
DirectMap4k:      284480 kB
DirectMap2M:    10201088 kB
DirectMap1G:    58720256 kB

日志12：
container (cgroup) information:
container_type: cgroupv1
cpu_cpuset_cpus: 0-7
cpu_memory_nodes: 0
active_processor_count: 8
cpu_quota: no quota
cpu_period: 100000
cpu_shares: no shares
memory_limit_in_bytes: unlimited
memory_and_swap_limit_in_bytes: unlimited
memory_soft_limit_in_bytes: unlimited
memory_usage_in_bytes: 63831060480
memory_max_usage_in_bytes: unlimited


CPU:total 8 (initial active 8) (1 cores per cpu, 1 threads per core) family 6 model 106 stepping 6, cmov, cx8, fxsr, mmx, sse, sse2, sse3, ssse3, sse4.1, sse4.2, popcnt, avx, avx2, aes, clmul, erms, 3dnowpref, lzcnt, tsc, tscinvbit, bmi1, bmi2, adx

/proc/cpuinfo:
processor	: 0
vendor_id	: GenuineIntel
cpu family	: 6
model		: 106
model name	: Intel(R) Xeon(R) Gold 5318Y CPU @ 2.10GHz
stepping	: 6
microcode	: 0xd000375
cpu MHz		: 2095.078
cache size	: 36864 KB
physical id	: 0
siblings	: 1
core id		: 0
cpu cores	: 1
apicid		: 0
initial apicid	: 0
fpu		: yes
fpu_exception	: yes
cpuid level	: 27
wp		: yes
flags		: fpu vme de pse tsc msr pae mce cx8 apic sep mtrr pge mca cmov pat pse36 clflush mmx fxsr sse sse2 ss syscall nx pdpe1gb rdtscp lm constant_tsc arch_perfmon nopl xtopology tsc_reliable nonstop_tsc eagerfpu pni pclmulqdq ssse3 fma cx16 pcid sse4_1 sse4_2 x2apic movbe popcnt tsc_deadline_timer aes xsave avx f16c rdrand hypervisor lahf_lm abm 3dnowprefetch invpcid_single ssbd ibrs ibpb stibp ibrs_enhanced fsgsbase tsc_adjust bmi1 avx2 smep bmi2 invpcid avx512f avx512dq rdseed adx smap clflushopt clwb avx512cd sha_ni avx512bw avx512vl xsaveopt xsavec arat pku ospke md_clear spec_ctrl intel_stibp flush_l1d arch_capabilities
bogomips	: 4190.15
clflush size	: 64
cache_alignment	: 64
address sizes	: 43 bits physical, 57 bits virtual
power management:

processor	: 1
vendor_id	: GenuineIntel
cpu family	: 6
model		: 106
model name	: Intel(R) Xeon(R) Gold 5318Y CPU @ 2.10GHz
stepping	: 6
microcode	: 0xd000375
cpu MHz		: 2095.078
cache size	: 36864 KB
physical id	: 2
siblings	: 1
core id		: 0
cpu cores	: 1
apicid		: 2
initial apicid	: 2
fpu		: yes
fpu_exception	: yes
cpuid level	: 27
wp		: yes
flags		: fpu vme de pse tsc msr pae mce cx8 apic sep mtrr pge mca cmov pat pse36 clflush mmx fxsr sse sse2 ss syscall nx pdpe1gb rdtscp lm constant_tsc arch_perfmon nopl xtopology tsc_reliable nonstop_tsc eagerfpu pni pclmulqdq ssse3 fma cx16 pcid sse4_1 sse4_2 x2apic movbe popcnt tsc_deadline_timer aes xsave avx f16c rdrand hypervisor lahf_lm abm 3dnowprefetch invpcid_single ssbd ibrs ibpb stibp ibrs_enhanced fsgsbase tsc_adjust bmi1 avx2 smep bmi2 invpcid avx512f avx512dq rdseed adx smap clflushopt clwb avx512cd sha_ni avx512bw avx512vl xsaveopt xsavec arat pku ospke md_clear spec_ctrl intel_stibp flush_l1d arch_capabilities
bogomips	: 4190.15
clflush size	: 64
cache_alignment	: 64
address sizes	: 43 bits physical, 57 bits virtual
power management:

processor	: 2
vendor_id	: GenuineIntel
cpu family	: 6
model		: 106
model name	: Intel(R) Xeon(R) Gold 5318Y CPU @ 2.10GHz
stepping	: 6
microcode	: 0xd000375
cpu MHz		: 2095.078
cache size	: 36864 KB
physical id	: 4
siblings	: 1
core id		: 0
cpu cores	: 1
apicid		: 4
initial apicid	: 4
fpu		: yes
fpu_exception	: yes
cpuid level	: 27
wp		: yes
flags		: fpu vme de pse tsc msr pae mce cx8 apic sep mtrr pge mca cmov pat pse36 clflush mmx fxsr sse sse2 ss syscall nx pdpe1gb rdtscp lm constant_tsc arch_perfmon nopl xtopology tsc_reliable nonstop_tsc eagerfpu pni pclmulqdq ssse3 fma cx16 pcid sse4_1 sse4_2 x2apic movbe popcnt tsc_deadline_timer aes xsave avx f16c rdrand hypervisor lahf_lm abm 3dnowprefetch invpcid_single ssbd ibrs ibpb stibp ibrs_enhanced fsgsbase tsc_adjust bmi1 avx2 smep bmi2 invpcid avx512f avx512dq rdseed adx smap clflushopt clwb avx512cd sha_ni avx512bw avx512vl xsaveopt xsavec arat pku ospke md_clear spec_ctrl intel_stibp flush_l1d arch_capabilities
bogomips	: 4190.15
clflush size	: 64
cache_alignment	: 64
address sizes	: 43 bits physical, 57 bits virtual
power management:

processor	: 3
vendor_id	: GenuineIntel
cpu family	: 6
model		: 106
model name	: Intel(R) Xeon(R) Gold 5318Y CPU @ 2.10GHz
stepping	: 6
microcode	: 0xd000375
cpu MHz		: 2095.078
cache size	: 36864 KB
physical id	: 6
siblings	: 1
core id		: 0
cpu cores	: 1
apicid		: 6
initial apicid	: 6
fpu		: yes
fpu_exception	: yes
cpuid level	: 27
wp		: yes
flags		: fpu vme de pse tsc msr pae mce cx8 apic sep mtrr pge mca cmov pat pse36 clflush mmx fxsr sse sse2 ss syscall nx pdpe1gb rdtscp lm constant_tsc arch_perfmon nopl xtopology tsc_reliable nonstop_tsc eagerfpu pni pclmulqdq ssse3 fma cx16 pcid sse4_1 sse4_2 x2apic movbe popcnt tsc_deadline_timer aes xsave avx f16c rdrand hypervisor lahf_lm abm 3dnowprefetch invpcid_single ssbd ibrs ibpb stibp ibrs_enhanced fsgsbase tsc_adjust bmi1 avx2 smep bmi2 invpcid avx512f avx512dq rdseed adx smap clflushopt clwb avx512cd sha_ni avx512bw avx512vl xsaveopt xsavec arat pku ospke md_clear spec_ctrl intel_stibp flush_l1d arch_capabilities
bogomips	: 4190.15
clflush size	: 64
cache_alignment	: 64
address sizes	: 43 bits physical, 57 bits virtual
power management:

processor	: 4
vendor_id	: GenuineIntel
cpu family	: 6
model		: 106
model name	: Intel(R) Xeon(R) Gold 5318Y CPU @ 2.10GHz
stepping	: 6
microcode	: 0xd000375
cpu MHz		: 2095.078
cache size	: 36864 KB
physical id	: 8
siblings	: 1
core id		: 0
cpu cores	: 1
apicid		: 8
initial apicid	: 8
fpu		: yes
fpu_exception	: yes
cpuid level	: 27
wp		: yes
flags		: fpu vme de pse tsc msr pae mce cx8 apic sep mtrr pge mca cmov pat pse36 clflush mmx fxsr sse sse2 ss syscall nx pdpe1gb rdtscp lm constant_tsc arch_perfmon nopl xtopology tsc_reliable nonstop_tsc eagerfpu pni pclmulqdq ssse3 fma cx16 pcid sse4_1 sse4_2 x2apic movbe popcnt tsc_deadline_timer aes xsave avx f16c rdrand hypervisor lahf_lm abm 3dnowprefetch invpcid_single ssbd ibrs ibpb stibp ibrs_enhanced fsgsbase tsc_adjust bmi1 avx2 smep bmi2 invpcid avx512f avx512dq rdseed adx smap clflushopt clwb avx512cd sha_ni avx512bw avx512vl xsaveopt xsavec arat pku ospke md_clear spec_ctrl intel_stibp flush_l1d arch_capabilities
bogomips	: 4190.15
clflush size	: 64
cache_alignment	: 64
address sizes	: 43 bits physical, 57 bits virtual
power management:

processor	: 5
vendor_id	: GenuineIntel
cpu family	: 6
model		: 106
model name	: Intel(R) Xeon(R) Gold 5318Y CPU @ 2.10GHz
stepping	: 6
microcode	: 0xd000375
cpu MHz		: 2095.078
cache size	: 36864 KB
physical id	: 10
siblings	: 1
core id		: 0
cpu cores	: 1
apicid		: 10
initial apicid	: 10
fpu		: yes
fpu_exception	: yes
cpuid level	: 27
wp		: yes
flags		: fpu vme de pse tsc msr pae mce cx8 apic sep mtrr pge mca cmov pat pse36 clflush mmx fxsr sse sse2 ss syscall nx pdpe1gb rdtscp lm constant_tsc arch_perfmon nopl xtopology tsc_reliable nonstop_tsc eagerfpu pni pclmulqdq ssse3 fma cx16 pcid sse4_1 sse4_2 x2apic movbe popcnt tsc_deadline_timer aes xsave avx f16c rdrand hypervisor lahf_lm abm 3dnowprefetch invpcid_single ssbd ibrs ibpb stibp ibrs_enhanced fsgsbase tsc_adjust bmi1 avx2 smep bmi2 invpcid avx512f avx512dq rdseed adx smap clflushopt clwb avx512cd sha_ni avx512bw avx512vl xsaveopt xsavec arat pku ospke md_clear spec_ctrl intel_stibp flush_l1d arch_capabilities
bogomips	: 4190.15
clflush size	: 64
cache_alignment	: 64
address sizes	: 43 bits physical, 57 bits virtual
power management:

processor	: 6
vendor_id	: GenuineIntel
cpu family	: 6
model		: 106
model name	: Intel(R) Xeon(R) Gold 5318Y CPU @ 2.10GHz
stepping	: 6
microcode	: 0xd000375
cpu MHz		: 2095.078
cache size	: 36864 KB
physical id	: 12
siblings	: 1
core id		: 0
cpu cores	: 1
apicid		: 12
initial apicid	: 12
fpu		: yes
fpu_exception	: yes
cpuid level	: 27
wp		: yes
flags		: fpu vme de pse tsc msr pae mce cx8 apic sep mtrr pge mca cmov pat pse36 clflush mmx fxsr sse sse2 ss syscall nx pdpe1gb rdtscp lm constant_tsc arch_perfmon nopl xtopology tsc_reliable nonstop_tsc eagerfpu pni pclmulqdq ssse3 fma cx16 pcid sse4_1 sse4_2 x2apic movbe popcnt tsc_deadline_timer aes xsave avx f16c rdrand hypervisor lahf_lm abm 3dnowprefetch invpcid_single ssbd ibrs ibpb stibp ibrs_enhanced fsgsbase tsc_adjust bmi1 avx2 smep bmi2 invpcid avx512f avx512dq rdseed adx smap clflushopt clwb avx512cd sha_ni avx512bw avx512vl xsaveopt xsavec arat pku ospke md_clear spec_ctrl intel_stibp flush_l1d arch_capabilities
bogomips	: 4190.15
clflush size	: 64
cache_alignment	: 64
address sizes	: 43 bits physical, 57 bits virtual
power management:

processor	: 7
vendor_id	: GenuineIntel
cpu family	: 6
model		: 106
model name	: Intel(R) Xeon(R) Gold 5318Y CPU @ 2.10GHz
stepping	: 6
microcode	: 0xd000375
cpu MHz		: 2095.078
cache size	: 36864 KB
physical id	: 14
siblings	: 1
core id		: 0
cpu cores	: 1
apicid		: 14
initial apicid	: 14
fpu		: yes
fpu_exception	: yes
cpuid level	: 27
wp		: yes
flags		: fpu vme de pse tsc msr pae mce cx8 apic sep mtrr pge mca cmov pat pse36 clflush mmx fxsr sse sse2 ss syscall nx pdpe1gb rdtscp lm constant_tsc arch_perfmon nopl xtopology tsc_reliable nonstop_tsc eagerfpu pni pclmulqdq ssse3 fma cx16 pcid sse4_1 sse4_2 x2apic movbe popcnt tsc_deadline_timer aes xsave avx f16c rdrand hypervisor lahf_lm abm 3dnowprefetch invpcid_single ssbd ibrs ibpb stibp ibrs_enhanced fsgsbase tsc_adjust bmi1 avx2 smep bmi2 invpcid avx512f avx512dq rdseed adx smap clflushopt clwb avx512cd sha_ni avx512bw avx512vl xsaveopt xsavec arat pku ospke md_clear spec_ctrl intel_stibp flush_l1d arch_capabilities
bogomips	: 4190.15
clflush size	: 64
cache_alignment	: 64
address sizes	: 43 bits physical, 57 bits virtual
power management:

日志13：

Memory: 4k page, physical 65957648k(364168k free), swap 4063228k(4034556k free)

vm_info: Java HotSpot(TM) 64-Bit Server VM (25.371-b11) for linux-amd64 JRE (1.8.0_371-b11), built on Mar 17 2023 04:01:49 by "java_re" with gcc 7.3.0

time: Tue Jun 27 14:32:47 2023
timezone: CST
elapsed time: 34489.768920 seconds (0d 9h 34m 49s)

